ROM Bank #0 (HOME):
  SECTION: $0000-$0000 ($0001 bytes)
  SECTION: $0008-$0008 ($0001 bytes)
  SECTION: $0010-$0010 ($0001 bytes)
  SECTION: $0018-$0018 ($0001 bytes)
  SECTION: $0020-$0020 ($0001 bytes)
  SECTION: $0028-$0028 ($0001 bytes)
  SECTION: $0030-$0030 ($0001 bytes)
  SECTION: $0038-$003A ($0003 bytes)
  SECTION: $0040-$0083 ($0044 bytes)
           $0077 = irq_Common.goto_irq_handler
           $0078 = wait_vbl
  SECTION: $0100-$014F ($0050 bytes)
  SECTION: $0150-$01DE ($008F bytes)
           $0198 = Reset
           $0150 = StartPoint
           $01B6 = irq_set_JOY
           $01BD = CPU_fast
           $01A7 = irq_set_LCD
           $01C4 = CPU_slow
           $01A2 = irq_set_VBL
           $01AC = irq_set_TIM
           $01B1 = irq_set_SIO
  SECTION: $0084-$00E0 ($005D bytes)
           $0084 = Main
  SECTION: $00E1-$00FE ($001E bytes)
           $00F3 = memcopy_inc
           $00EA = memcopy
           $00E1 = memset
           $00E9 = memset_rand
  SECTION: $01DF-$0224 ($0046 bytes)
           $01F1 = div_u8u8u8
           $01DF = mul_u8u8u16
           $0204 = div_s8s8s8
  SECTION: $0225-$025A ($0036 bytes)
           $0225 = scan_keys
  SECTION: $025B-$02AD ($0053 bytes)
           $027D = rom_bank_set
           $028D = rom_bank_push_set
           $02AD = ___long_call._jump_to_function
           $0265 = rom_bank_pop
           $025B = rom_handler_init
           $02A1 = ___long_call
           $0278 = rom_bank_push
  SECTION: $02AE-$030A ($005D bytes)
           $02AE = wait_ly
           $02D2 = vram_copy
           $02B5 = wait_frames
           $02EF = vram_copy_tiles
           $02E1 = vram_memset
           $02BC = screen_off
           $02CB = wait_screen_blank
  SECTION: $030B-$0366 ($005C bytes)
           $030B = sprite_get_base_pointer
           $035F = __refresh_OAM_end
           $0357 = __refresh_OAM
           $0322 = sprite_set_params
           $0364 = refresh_custom_OAM
           $032A = spr_set_palette
           $031B = sprite_set_tile
           $034A = init_OAM
           $0314 = sprite_set_xy
           $035F = refresh_OAM
  SECTION: $0367-$039E ($0038 bytes)
           $0387 = bg_set_tile_wrap
           $0367 = bg_set_palette
           $0391 = bg_set_tile
    SLACK: $3C98 bytes

ROM Bank #1:
  SECTION: $4000-$4107 ($0108 bytes)
           $4000 = font_tiles
           $4100 = bg_palette
    SLACK: $3EF8 bytes

WRAM Bank #0:
  SECTION: $C0A0-$C0AC ($000D bytes)
           $C0A9 = SIO_handler
           $C0AB = JOY_handler
           $C0A3 = VBL_handler
           $C0A2 = _is_vbl_flag
           $C0A0 = Init_Reg_A
           $C0A1 = Init_Reg_B
           $C0A5 = LCD_handler
           $C0A7 = TIM_handler
  SECTION: $CE00-$CFFF ($0200 bytes)
           $D000 = StackTop
  SECTION: $C0AD-$C0CD ($0021 bytes)
           $C0CD = rom_position
           $C0AD = rom_stack
  SECTION: $C000-$C09F ($00A0 bytes)
           $C000 = OAM_Copy
    SLACK: $0D32 bytes

WRAM Bank #1:
  EMPTY

WRAM Bank #2:
  EMPTY

WRAM Bank #3:
  EMPTY

WRAM Bank #4:
  EMPTY

WRAM Bank #5:
  EMPTY

WRAM Bank #6:
  EMPTY

WRAM Bank #7:
  EMPTY

VRAM Bank #0:
  EMPTY

VRAM Bank #1:
  EMPTY

HRAM:
  SECTION: $FF88-$FF8A ($0003 bytes)
           $FF89 = joy_held
           $FF88 = _joy_old
           $FF8A = joy_pressed
  SECTION: $FF80-$FF87 ($0008 bytes)
           $FF80 = refresh_OAM_HRAM
    SLACK: $0074 bytes

SRAM Bank #0:
  EMPTY

SRAM Bank #1:
  EMPTY

SRAM Bank #2:
  EMPTY

SRAM Bank #3:
  EMPTY

