ROM Bank #0 (HOME):
  SECTION: $0000-$0000 ($0001 bytes)
  SECTION: $0008-$0008 ($0001 bytes)
  SECTION: $0010-$0010 ($0001 bytes)
  SECTION: $0018-$0018 ($0001 bytes)
  SECTION: $0020-$0020 ($0001 bytes)
  SECTION: $0028-$0028 ($0001 bytes)
  SECTION: $0030-$0030 ($0001 bytes)
  SECTION: $0038-$003A ($0003 bytes)
  SECTION: $0040-$0083 ($0044 bytes)
           $0077 = irq_Common.goto_irq_handler
           $0078 = wait_vbl
  SECTION: $0100-$014F ($0050 bytes)
  SECTION: $0150-$01F5 ($00A6 bytes)
           $01AF = Reset
           $0150 = StartPoint
           $01CD = irq_set_JOY
           $01D4 = CPU_fast
           $01BE = irq_set_LCD
           $01DB = CPU_slow
           $01B9 = irq_set_VBL
           $01C3 = irq_set_TIM
           $01C8 = irq_set_SIO
  SECTION: $3E00-$3EFF ($0100 bytes)
  SECTION: $3F00-$3FFF ($0100 bytes)
  SECTION: $3D00-$3DFF ($0100 bytes)
           $3D00 = _Random
  SECTION: $0084-$0097 ($0014 bytes)
           $0084 = GetRandom
           $0094 = SetRandomSeed
  SECTION: $01F6-$0548 ($0353 bytes)
           $01F6 = Main
  SECTION: $0098-$00C0 ($0029 bytes)
           $00B5 = memcopy_inc
           $00AC = memcopy
           $0098 = memset
           $00A0 = memset_rand
  SECTION: $0549-$058E ($0046 bytes)
           $055B = div_u8u8u8
           $0549 = mul_u8u8u16
           $056E = div_s8s8s8
  SECTION: $00C1-$00F6 ($0036 bytes)
           $00C1 = scan_keys
  SECTION: $058F-$05E1 ($0053 bytes)
           $05B1 = rom_bank_set
           $05C1 = rom_bank_push_set
           $05E1 = ___long_call._jump_to_function
           $0599 = rom_bank_pop
           $058F = rom_handler_init
           $05D5 = ___long_call
           $05AC = rom_bank_push
  SECTION: $05E2-$063E ($005D bytes)
           $05E2 = wait_ly
           $0606 = vram_copy
           $05E9 = wait_frames
           $0623 = vram_copy_tiles
           $0615 = vram_memset
           $05F0 = screen_off
           $05FF = wait_screen_blank
  SECTION: $063F-$069A ($005C bytes)
           $063F = sprite_get_base_pointer
           $0693 = __refresh_OAM_end
           $068B = __refresh_OAM
           $0656 = sprite_set_params
           $0698 = refresh_custom_OAM
           $065E = spr_set_palette
           $064F = sprite_set_tile
           $067E = init_OAM
           $0648 = sprite_set_xy
           $0693 = refresh_OAM
  SECTION: $069B-$06D2 ($0038 bytes)
           $06BB = bg_set_tile_wrap
           $069B = bg_set_palette
           $06C5 = bg_set_tile
    SLACK: $366C bytes

WRAM Bank #0:
  SECTION: $C0A0-$C0AC ($000D bytes)
           $C0A2 = _is_vbl_flag
           $C0A5 = LCD_handler
           $C0A7 = TIM_handler
           $C0A9 = SIO_handler
           $C0AB = JOY_handler
           $C0A3 = VBL_handler
           $C0A0 = Init_Reg_A
           $C0A1 = Init_Reg_B
  SECTION: $CE00-$CFFF ($0200 bytes)
           $D000 = StackTop
  SECTION: $C0AD-$C0AD ($0001 bytes)
           $C0AD = random_ptr
  SECTION: $C0AE-$C0AF ($0002 bytes)
  SECTION: $C0B0-$C0D0 ($0021 bytes)
           $C0D0 = rom_position
           $C0B0 = rom_stack
  SECTION: $C000-$C09F ($00A0 bytes)
           $C000 = OAM_Copy
    SLACK: $0D2F bytes

WRAM Bank #1:
  EMPTY

WRAM Bank #2:
  EMPTY

WRAM Bank #3:
  EMPTY

WRAM Bank #4:
  EMPTY

WRAM Bank #5:
  EMPTY

WRAM Bank #6:
  EMPTY

WRAM Bank #7:
  EMPTY

VRAM Bank #0:
  EMPTY

VRAM Bank #1:
  EMPTY

HRAM:
  SECTION: $FF88-$FF8A ($0003 bytes)
           $FF89 = joy_held
           $FF88 = _joy_old
           $FF8A = joy_pressed
  SECTION: $FF80-$FF87 ($0008 bytes)
           $FF80 = refresh_OAM_HRAM
    SLACK: $0074 bytes

SRAM Bank #0:
  EMPTY

SRAM Bank #1:
  EMPTY

SRAM Bank #2:
  EMPTY

SRAM Bank #3:
  EMPTY

