ROM Bank #0 (HOME):
  SECTION: $0000-$0000 ($0001 bytes)
  SECTION: $0008-$0008 ($0001 bytes)
  SECTION: $0010-$0010 ($0001 bytes)
  SECTION: $0018-$0018 ($0001 bytes)
  SECTION: $0020-$0020 ($0001 bytes)
  SECTION: $0028-$0028 ($0001 bytes)
  SECTION: $0030-$0030 ($0001 bytes)
  SECTION: $0038-$0038 ($0001 bytes)
  SECTION: $0040-$0080 ($0041 bytes)
           $0075 = wait_vbl
  SECTION: $0100-$014F ($0050 bytes)
  SECTION: $0150-$01DE ($008F bytes)
           $0150 = StartPoint
           $0198 = Reset
           $01B6 = irq_set_JOY
           $01BD = CPU_fast
           $01A7 = irq_set_LCD
           $01C4 = CPU_slow
           $01A2 = irq_set_VBL
           $01AC = irq_set_TIM
           $01B1 = irq_set_SIO
  SECTION: $01DF-$3196 ($2FB8 bytes)
           $01DF = Main
  SECTION: $0081-$009E ($001E bytes)
           $0093 = memcopy_inc
           $008A = memcopy
           $0081 = memset
           $0089 = memset_rand
  SECTION: $009F-$00E4 ($0046 bytes)
           $00B1 = div_u8u8u8
           $009F = mul_u8u8u16
           $00C4 = div_s8s8s8
  SECTION: $3197-$31CC ($0036 bytes)
           $3197 = scan_keys
  SECTION: $31CD-$321F ($0053 bytes)
           $31EF = rom_bank_set
           $31FF = rom_bank_push_set
           $321F = ___long_call._jump_to_function
           $31D7 = rom_bank_pop
           $31CD = rom_handler_init
           $3213 = ___long_call
           $31EA = rom_bank_push
  SECTION: $3220-$327C ($005D bytes)
           $3220 = wait_ly
           $3244 = vram_copy
           $3227 = wait_frames
           $3261 = vram_copy_tiles
           $3253 = vram_memset
           $322E = screen_off
           $323D = wait_screen_blank
  SECTION: $327D-$32D8 ($005C bytes)
           $327D = sprite_get_base_pointer
           $32D1 = __refresh_OAM_end
           $32C9 = __refresh_OAM
           $3294 = sprite_set_params
           $32D6 = refresh_custom_OAM
           $329C = spr_set_palette
           $328D = sprite_set_tile
           $32BC = init_OAM
           $3286 = sprite_set_xy
           $32D1 = refresh_OAM
  SECTION: $32D9-$3310 ($0038 bytes)
           $32F9 = bg_set_tile_wrap
           $32D9 = bg_set_palette
           $3303 = bg_set_tile
    SLACK: $0D42 bytes

ROM Bank #1:
  SECTION: $4000-$5CB1 ($1CB2 bytes)
           $4000 = Main2
  SECTION: $5CB2-$7A31 ($1D80 bytes)
           $5CB2 = LCD_INT_HANDLER_STAT_0
           $5CC0 = LCD_INT_HANDLER_STAT_1
           $5CCF = LCD_INT_HANDLER_STAT_2
           $5CDF = LCD_INT_HANDLER_STAT_3
           $5CF0 = LCD_INT_HANDLER_STAT_4
           $5D02 = LCD_INT_HANDLER_STAT_5
           $5D15 = LCD_INT_HANDLER_STAT_6
           $5D29 = LCD_INT_HANDLER_STAT_7
           $5D3E = LCD_INT_HANDLER_STAT_8
           $5D54 = LCD_INT_HANDLER_STAT_9
           $5D6B = LCD_INT_HANDLER_STAT_10
           $5D83 = LCD_INT_HANDLER_STAT_11
           $5D9C = LCD_INT_HANDLER_STAT_12
           $5DB6 = LCD_INT_HANDLER_STAT_13
           $5DD1 = LCD_INT_HANDLER_STAT_14
           $5DED = LCD_INT_HANDLER_STAT_15
           $5E0A = LCD_INT_HANDLER_STAT_16
           $5E28 = LCD_INT_HANDLER_STAT_17
           $5E47 = LCD_INT_HANDLER_STAT_18
           $5E67 = LCD_INT_HANDLER_STAT_19
           $5E88 = LCD_INT_HANDLER_STAT_20
           $5EAA = LCD_INT_HANDLER_STAT_21
           $5ECD = LCD_INT_HANDLER_STAT_22
           $5EF1 = LCD_INT_HANDLER_STAT_23
           $5F16 = LCD_INT_HANDLER_STAT_24
           $5F3C = LCD_INT_HANDLER_STAT_25
           $5F63 = LCD_INT_HANDLER_STAT_26
           $5F8B = LCD_INT_HANDLER_STAT_27
           $5FB4 = LCD_INT_HANDLER_STAT_28
           $5FDE = LCD_INT_HANDLER_STAT_29
           $6009 = LCD_INT_HANDLER_STAT_30
           $6035 = LCD_INT_HANDLER_STAT_31
           $6062 = LCD_INT_HANDLER_TIMA_0
           $6070 = LCD_INT_HANDLER_TIMA_1
           $607F = LCD_INT_HANDLER_TIMA_2
           $608F = LCD_INT_HANDLER_TIMA_3
           $60A0 = LCD_INT_HANDLER_TIMA_4
           $60B2 = LCD_INT_HANDLER_TIMA_5
           $60C5 = LCD_INT_HANDLER_TIMA_6
           $60D9 = LCD_INT_HANDLER_TIMA_7
           $60EE = LCD_INT_HANDLER_TIMA_8
           $6104 = LCD_INT_HANDLER_TIMA_9
           $611B = LCD_INT_HANDLER_TIMA_10
           $6133 = LCD_INT_HANDLER_TIMA_11
           $614C = LCD_INT_HANDLER_TIMA_12
           $6166 = LCD_INT_HANDLER_TIMA_13
           $6181 = LCD_INT_HANDLER_TIMA_14
           $619D = LCD_INT_HANDLER_TIMA_15
           $61BA = LCD_INT_HANDLER_TIMA_16
           $61D8 = LCD_INT_HANDLER_TIMA_17
           $61F7 = LCD_INT_HANDLER_TIMA_18
           $6217 = LCD_INT_HANDLER_TIMA_19
           $6238 = LCD_INT_HANDLER_TIMA_20
           $625A = LCD_INT_HANDLER_TIMA_21
           $627D = LCD_INT_HANDLER_TIMA_22
           $62A1 = LCD_INT_HANDLER_TIMA_23
           $62C6 = LCD_INT_HANDLER_TIMA_24
           $62EC = LCD_INT_HANDLER_TIMA_25
           $6313 = LCD_INT_HANDLER_TIMA_26
           $633B = LCD_INT_HANDLER_TIMA_27
           $6364 = LCD_INT_HANDLER_TIMA_28
           $638E = LCD_INT_HANDLER_TIMA_29
           $63B9 = LCD_INT_HANDLER_TIMA_30
           $63E5 = LCD_INT_HANDLER_TIMA_31
           $6412 = LCD_INT_HANDLER_IF_0
           $6420 = LCD_INT_HANDLER_IF_1
           $642F = LCD_INT_HANDLER_IF_2
           $643F = LCD_INT_HANDLER_IF_3
           $6450 = LCD_INT_HANDLER_IF_4
           $6462 = LCD_INT_HANDLER_IF_5
           $6475 = LCD_INT_HANDLER_IF_6
           $6489 = LCD_INT_HANDLER_IF_7
           $649E = LCD_INT_HANDLER_IF_8
           $64B4 = LCD_INT_HANDLER_IF_9
           $64CB = LCD_INT_HANDLER_IF_10
           $64E3 = LCD_INT_HANDLER_IF_11
           $64FC = LCD_INT_HANDLER_IF_12
           $6516 = LCD_INT_HANDLER_IF_13
           $6531 = LCD_INT_HANDLER_IF_14
           $654D = LCD_INT_HANDLER_IF_15
           $656A = LCD_INT_HANDLER_IF_16
           $6588 = LCD_INT_HANDLER_IF_17
           $65A7 = LCD_INT_HANDLER_IF_18
           $65C7 = LCD_INT_HANDLER_IF_19
           $65E8 = LCD_INT_HANDLER_IF_20
           $660A = LCD_INT_HANDLER_IF_21
           $662D = LCD_INT_HANDLER_IF_22
           $6651 = LCD_INT_HANDLER_IF_23
           $6676 = LCD_INT_HANDLER_IF_24
           $669C = LCD_INT_HANDLER_IF_25
           $66C3 = LCD_INT_HANDLER_IF_26
           $66EB = LCD_INT_HANDLER_IF_27
           $6714 = LCD_INT_HANDLER_IF_28
           $673E = LCD_INT_HANDLER_IF_29
           $6769 = LCD_INT_HANDLER_IF_30
           $6795 = LCD_INT_HANDLER_IF_31
           $67C2 = LCD_INT_HANDLER_LY_0
           $67D0 = LCD_INT_HANDLER_LY_1
           $67DF = LCD_INT_HANDLER_LY_2
           $67EF = LCD_INT_HANDLER_LY_3
           $6800 = LCD_INT_HANDLER_LY_4
           $6812 = LCD_INT_HANDLER_LY_5
           $6825 = LCD_INT_HANDLER_LY_6
           $6839 = LCD_INT_HANDLER_LY_7
           $684E = LCD_INT_HANDLER_LY_8
           $6864 = LCD_INT_HANDLER_LY_9
           $687B = LCD_INT_HANDLER_LY_10
           $6893 = LCD_INT_HANDLER_LY_11
           $68AC = LCD_INT_HANDLER_LY_12
           $68C6 = LCD_INT_HANDLER_LY_13
           $68E1 = LCD_INT_HANDLER_LY_14
           $68FD = LCD_INT_HANDLER_LY_15
           $691A = LCD_INT_HANDLER_LY_16
           $6938 = LCD_INT_HANDLER_LY_17
           $6957 = LCD_INT_HANDLER_LY_18
           $6977 = LCD_INT_HANDLER_LY_19
           $6998 = LCD_INT_HANDLER_LY_20
           $69BA = LCD_INT_HANDLER_LY_21
           $69DD = LCD_INT_HANDLER_LY_22
           $6A01 = LCD_INT_HANDLER_LY_23
           $6A26 = LCD_INT_HANDLER_LY_24
           $6A4C = LCD_INT_HANDLER_LY_25
           $6A73 = LCD_INT_HANDLER_LY_26
           $6A9B = LCD_INT_HANDLER_LY_27
           $6AC4 = LCD_INT_HANDLER_LY_28
           $6AEE = LCD_INT_HANDLER_LY_29
           $6B19 = LCD_INT_HANDLER_LY_30
           $6B45 = LCD_INT_HANDLER_LY_31
           $6B72 = LCD_INT_HANDLER_STAT_GBC_0
           $6B80 = LCD_INT_HANDLER_STAT_GBC_1
           $6B8F = LCD_INT_HANDLER_STAT_GBC_2
           $6B9F = LCD_INT_HANDLER_STAT_GBC_3
           $6BB0 = LCD_INT_HANDLER_STAT_GBC_4
           $6BC2 = LCD_INT_HANDLER_STAT_GBC_5
           $6BD5 = LCD_INT_HANDLER_STAT_GBC_6
           $6BE9 = LCD_INT_HANDLER_STAT_GBC_7
           $6BFE = LCD_INT_HANDLER_STAT_GBC_8
           $6C14 = LCD_INT_HANDLER_STAT_GBC_9
           $6C2B = LCD_INT_HANDLER_STAT_GBC_10
           $6C43 = LCD_INT_HANDLER_STAT_GBC_11
           $6C5C = LCD_INT_HANDLER_STAT_GBC_12
           $6C76 = LCD_INT_HANDLER_STAT_GBC_13
           $6C91 = LCD_INT_HANDLER_STAT_GBC_14
           $6CAD = LCD_INT_HANDLER_STAT_GBC_15
           $6CCA = LCD_INT_HANDLER_STAT_GBC_16
           $6CE8 = LCD_INT_HANDLER_STAT_GBC_17
           $6D07 = LCD_INT_HANDLER_STAT_GBC_18
           $6D27 = LCD_INT_HANDLER_STAT_GBC_19
           $6D48 = LCD_INT_HANDLER_STAT_GBC_20
           $6D6A = LCD_INT_HANDLER_STAT_GBC_21
           $6D8D = LCD_INT_HANDLER_STAT_GBC_22
           $6DB1 = LCD_INT_HANDLER_STAT_GBC_23
           $6DD6 = LCD_INT_HANDLER_STAT_GBC_24
           $6DFC = LCD_INT_HANDLER_STAT_GBC_25
           $6E23 = LCD_INT_HANDLER_STAT_GBC_26
           $6E4B = LCD_INT_HANDLER_STAT_GBC_27
           $6E74 = LCD_INT_HANDLER_STAT_GBC_28
           $6E9E = LCD_INT_HANDLER_STAT_GBC_29
           $6EC9 = LCD_INT_HANDLER_STAT_GBC_30
           $6EF5 = LCD_INT_HANDLER_STAT_GBC_31
           $6F22 = LCD_INT_HANDLER_TIMA_GBC_0
           $6F30 = LCD_INT_HANDLER_TIMA_GBC_1
           $6F3F = LCD_INT_HANDLER_TIMA_GBC_2
           $6F4F = LCD_INT_HANDLER_TIMA_GBC_3
           $6F60 = LCD_INT_HANDLER_TIMA_GBC_4
           $6F72 = LCD_INT_HANDLER_TIMA_GBC_5
           $6F85 = LCD_INT_HANDLER_TIMA_GBC_6
           $6F99 = LCD_INT_HANDLER_TIMA_GBC_7
           $6FAE = LCD_INT_HANDLER_TIMA_GBC_8
           $6FC4 = LCD_INT_HANDLER_TIMA_GBC_9
           $6FDB = LCD_INT_HANDLER_TIMA_GBC_10
           $6FF3 = LCD_INT_HANDLER_TIMA_GBC_11
           $700C = LCD_INT_HANDLER_TIMA_GBC_12
           $7026 = LCD_INT_HANDLER_TIMA_GBC_13
           $7041 = LCD_INT_HANDLER_TIMA_GBC_14
           $705D = LCD_INT_HANDLER_TIMA_GBC_15
           $707A = LCD_INT_HANDLER_TIMA_GBC_16
           $7098 = LCD_INT_HANDLER_TIMA_GBC_17
           $70B7 = LCD_INT_HANDLER_TIMA_GBC_18
           $70D7 = LCD_INT_HANDLER_TIMA_GBC_19
           $70F8 = LCD_INT_HANDLER_TIMA_GBC_20
           $711A = LCD_INT_HANDLER_TIMA_GBC_21
           $713D = LCD_INT_HANDLER_TIMA_GBC_22
           $7161 = LCD_INT_HANDLER_TIMA_GBC_23
           $7186 = LCD_INT_HANDLER_TIMA_GBC_24
           $71AC = LCD_INT_HANDLER_TIMA_GBC_25
           $71D3 = LCD_INT_HANDLER_TIMA_GBC_26
           $71FB = LCD_INT_HANDLER_TIMA_GBC_27
           $7224 = LCD_INT_HANDLER_TIMA_GBC_28
           $724E = LCD_INT_HANDLER_TIMA_GBC_29
           $7279 = LCD_INT_HANDLER_TIMA_GBC_30
           $72A5 = LCD_INT_HANDLER_TIMA_GBC_31
           $72D2 = LCD_INT_HANDLER_IF_GBC_0
           $72E0 = LCD_INT_HANDLER_IF_GBC_1
           $72EF = LCD_INT_HANDLER_IF_GBC_2
           $72FF = LCD_INT_HANDLER_IF_GBC_3
           $7310 = LCD_INT_HANDLER_IF_GBC_4
           $7322 = LCD_INT_HANDLER_IF_GBC_5
           $7335 = LCD_INT_HANDLER_IF_GBC_6
           $7349 = LCD_INT_HANDLER_IF_GBC_7
           $735E = LCD_INT_HANDLER_IF_GBC_8
           $7374 = LCD_INT_HANDLER_IF_GBC_9
           $738B = LCD_INT_HANDLER_IF_GBC_10
           $73A3 = LCD_INT_HANDLER_IF_GBC_11
           $73BC = LCD_INT_HANDLER_IF_GBC_12
           $73D6 = LCD_INT_HANDLER_IF_GBC_13
           $73F1 = LCD_INT_HANDLER_IF_GBC_14
           $740D = LCD_INT_HANDLER_IF_GBC_15
           $742A = LCD_INT_HANDLER_IF_GBC_16
           $7448 = LCD_INT_HANDLER_IF_GBC_17
           $7467 = LCD_INT_HANDLER_IF_GBC_18
           $7487 = LCD_INT_HANDLER_IF_GBC_19
           $74A8 = LCD_INT_HANDLER_IF_GBC_20
           $74CA = LCD_INT_HANDLER_IF_GBC_21
           $74ED = LCD_INT_HANDLER_IF_GBC_22
           $7511 = LCD_INT_HANDLER_IF_GBC_23
           $7536 = LCD_INT_HANDLER_IF_GBC_24
           $755C = LCD_INT_HANDLER_IF_GBC_25
           $7583 = LCD_INT_HANDLER_IF_GBC_26
           $75AB = LCD_INT_HANDLER_IF_GBC_27
           $75D4 = LCD_INT_HANDLER_IF_GBC_28
           $75FE = LCD_INT_HANDLER_IF_GBC_29
           $7629 = LCD_INT_HANDLER_IF_GBC_30
           $7655 = LCD_INT_HANDLER_IF_GBC_31
           $7682 = LCD_INT_HANDLER_LY_GBC_0
           $7690 = LCD_INT_HANDLER_LY_GBC_1
           $769F = LCD_INT_HANDLER_LY_GBC_2
           $76AF = LCD_INT_HANDLER_LY_GBC_3
           $76C0 = LCD_INT_HANDLER_LY_GBC_4
           $76D2 = LCD_INT_HANDLER_LY_GBC_5
           $76E5 = LCD_INT_HANDLER_LY_GBC_6
           $76F9 = LCD_INT_HANDLER_LY_GBC_7
           $770E = LCD_INT_HANDLER_LY_GBC_8
           $7724 = LCD_INT_HANDLER_LY_GBC_9
           $773B = LCD_INT_HANDLER_LY_GBC_10
           $7753 = LCD_INT_HANDLER_LY_GBC_11
           $776C = LCD_INT_HANDLER_LY_GBC_12
           $7786 = LCD_INT_HANDLER_LY_GBC_13
           $77A1 = LCD_INT_HANDLER_LY_GBC_14
           $77BD = LCD_INT_HANDLER_LY_GBC_15
           $77DA = LCD_INT_HANDLER_LY_GBC_16
           $77F8 = LCD_INT_HANDLER_LY_GBC_17
           $7817 = LCD_INT_HANDLER_LY_GBC_18
           $7837 = LCD_INT_HANDLER_LY_GBC_19
           $7858 = LCD_INT_HANDLER_LY_GBC_20
           $787A = LCD_INT_HANDLER_LY_GBC_21
           $789D = LCD_INT_HANDLER_LY_GBC_22
           $78C1 = LCD_INT_HANDLER_LY_GBC_23
           $78E6 = LCD_INT_HANDLER_LY_GBC_24
           $790C = LCD_INT_HANDLER_LY_GBC_25
           $7933 = LCD_INT_HANDLER_LY_GBC_26
           $795B = LCD_INT_HANDLER_LY_GBC_27
           $7984 = LCD_INT_HANDLER_LY_GBC_28
           $79AE = LCD_INT_HANDLER_LY_GBC_29
           $79D9 = LCD_INT_HANDLER_LY_GBC_30
           $7A05 = LCD_INT_HANDLER_LY_GBC_31
    SLACK: $05CE bytes

WRAM Bank #0:
  SECTION: $C0A0-$C0AC ($000D bytes)
           $C0A2 = _is_vbl_flag
           $C0A7 = TIM_handler
           $C0A9 = SIO_handler
           $C0AB = JOY_handler
           $C0A3 = VBL_handler
           $C0A0 = Init_Reg_A
           $C0A1 = Init_Reg_B
           $C0A5 = LCD_handler
  SECTION: $CE00-$CFFF ($0200 bytes)
           $D000 = StackTop
  SECTION: $C0AD-$C0CD ($0021 bytes)
           $C0CD = rom_position
           $C0AD = rom_stack
  SECTION: $C000-$C09F ($00A0 bytes)
           $C000 = OAM_Copy
    SLACK: $0D32 bytes

WRAM Bank #1:
  EMPTY

WRAM Bank #2:
  EMPTY

WRAM Bank #3:
  EMPTY

WRAM Bank #4:
  EMPTY

WRAM Bank #5:
  EMPTY

WRAM Bank #6:
  EMPTY

WRAM Bank #7:
  EMPTY

VRAM Bank #0:
  EMPTY

VRAM Bank #1:
  EMPTY

HRAM:
  SECTION: $FF88-$FF8A ($0003 bytes)
           $FF89 = joy_held
           $FF88 = _joy_old
           $FF8A = joy_pressed
  SECTION: $FF80-$FF87 ($0008 bytes)
           $FF80 = refresh_OAM_HRAM
    SLACK: $0074 bytes

SRAM Bank #0:
  EMPTY

SRAM Bank #1:
  EMPTY

SRAM Bank #2:
  EMPTY

SRAM Bank #3:
  EMPTY

