ROM Bank #0 (HOME):
  SECTION: $0000-$0000 ($0001 bytes)
  SECTION: $0008-$0008 ($0001 bytes)
  SECTION: $0010-$0010 ($0001 bytes)
  SECTION: $0018-$0018 ($0001 bytes)
  SECTION: $0020-$0020 ($0001 bytes)
  SECTION: $0028-$0028 ($0001 bytes)
  SECTION: $0030-$0030 ($0001 bytes)
  SECTION: $0038-$003A ($0003 bytes)
  SECTION: $0040-$0083 ($0044 bytes)
           $0077 = irq_Common.goto_irq_handler
           $0078 = wait_vbl
  SECTION: $0100-$014F ($0050 bytes)
  SECTION: $0150-$01A3 ($0054 bytes)
           $015D = Reset
           $0150 = StartPoint
           $017B = irq_set_JOY
           $0182 = CPU_fast
           $016C = irq_set_LCD
           $0189 = CPU_slow
           $0167 = irq_set_VBL
           $0171 = irq_set_TIM
           $0176 = irq_set_SIO
  SECTION: $01A4-$0255 ($00B2 bytes)
           $022F = Main.end
           $01A4 = Main
  SECTION: $0084-$00A1 ($001E bytes)
           $0096 = memcopy_inc
           $008D = memcopy
           $0084 = memset
           $008C = memset_rand
  SECTION: $00A2-$00E7 ($0046 bytes)
           $00B4 = div_u8u8u8
           $00A2 = mul_u8u8u16
           $00C7 = div_s8s8s8
  SECTION: $0256-$028B ($0036 bytes)
           $0256 = scan_keys
  SECTION: $028C-$02DE ($0053 bytes)
           $02AE = rom_bank_set
           $02BE = rom_bank_push_set
           $02DE = ___long_call._jump_to_function
           $0296 = rom_bank_pop
           $028C = rom_handler_init
           $02D2 = ___long_call
           $02A9 = rom_bank_push
  SECTION: $02DF-$033B ($005D bytes)
           $02DF = wait_ly
           $0303 = vram_copy
           $02E6 = wait_frames
           $0320 = vram_copy_tiles
           $0312 = vram_memset
           $02ED = screen_off
           $02FC = wait_screen_blank
  SECTION: $033C-$0397 ($005C bytes)
           $033C = sprite_get_base_pointer
           $0390 = __refresh_OAM_end
           $0388 = __refresh_OAM
           $0353 = sprite_set_params
           $0395 = refresh_custom_OAM
           $035B = spr_set_palette
           $034C = sprite_set_tile
           $037B = init_OAM
           $0345 = sprite_set_xy
           $0390 = refresh_OAM
  SECTION: $0398-$03CF ($0038 bytes)
           $03B8 = bg_set_tile_wrap
           $0398 = bg_set_palette
           $03C2 = bg_set_tile
    SLACK: $3C7E bytes

WRAM Bank #0:
  SECTION: $C0A0-$C0AC ($000D bytes)
           $C0A2 = _is_vbl_flag
           $C0A5 = LCD_handler
           $C0A7 = TIM_handler
           $C0A9 = SIO_handler
           $C0AB = JOY_handler
           $C0A3 = VBL_handler
           $C0A1 = Init_Reg_B
           $C0A0 = Init_Reg_A
  SECTION: $CE00-$CFFF ($0200 bytes)
  SECTION: $C0AD-$C0CD ($0021 bytes)
           $C0CD = rom_position
           $C0AD = rom_stack
  SECTION: $C000-$C09F ($00A0 bytes)
           $C000 = OAM_Copy
    SLACK: $0D32 bytes

WRAM Bank #1:
  EMPTY

WRAM Bank #2:
  EMPTY

WRAM Bank #3:
  EMPTY

WRAM Bank #4:
  EMPTY

WRAM Bank #5:
  EMPTY

WRAM Bank #6:
  EMPTY

WRAM Bank #7:
  EMPTY

VRAM Bank #0:
  EMPTY

VRAM Bank #1:
  EMPTY

HRAM:
  SECTION: $FF88-$FF8A ($0003 bytes)
           $FF89 = joy_held
           $FF88 = _joy_old
           $FF8A = joy_pressed
  SECTION: $FF80-$FF87 ($0008 bytes)
           $FF80 = refresh_OAM_HRAM
    SLACK: $0074 bytes

SRAM Bank #0:
  EMPTY

SRAM Bank #1:
  EMPTY

SRAM Bank #2:
  EMPTY

SRAM Bank #3:
  EMPTY

