ROM Bank #0 (HOME):
  SECTION: $0010-$0010 ($0001 bytes)
  SECTION: $0018-$0018 ($0001 bytes)
  SECTION: $0020-$0020 ($0001 bytes)
  SECTION: $0028-$0028 ($0001 bytes)
  SECTION: $0030-$0030 ($0001 bytes)
  SECTION: $0038-$003A ($0003 bytes)
  SECTION: $0040-$0083 ($0044 bytes)
           $0077 = irq_Common.goto_irq_handler
           $0078 = wait_vbl
  SECTION: $0100-$014F ($0050 bytes)
  SECTION: $0150-$01DE ($008F bytes)
           $0198 = Reset
           $0150 = StartPoint
           $01B6 = irq_set_JOY
           $01BD = CPU_fast
           $01A7 = irq_set_LCD
           $01C4 = CPU_slow
           $01A2 = irq_set_VBL
           $01AC = irq_set_TIM
           $01B1 = irq_set_SIO
  SECTION: $0000-$000F ($0010 bytes)
  SECTION: $01DF-$0317 ($0139 bytes)
           $01DF = mem_prepare
           $01E7 = Main
  SECTION: $0084-$00A1 ($001E bytes)
           $0096 = memcopy_inc
           $008D = memcopy
           $0084 = memset
           $008C = memset_rand
  SECTION: $00A2-$00E7 ($0046 bytes)
           $00B4 = div_u8u8u8
           $00A2 = mul_u8u8u16
           $00C7 = div_s8s8s8
  SECTION: $0318-$034D ($0036 bytes)
           $0318 = scan_keys
  SECTION: $034E-$03A0 ($0053 bytes)
           $0370 = rom_bank_set
           $0380 = rom_bank_push_set
           $03A0 = ___long_call._jump_to_function
           $0358 = rom_bank_pop
           $034E = rom_handler_init
           $0394 = ___long_call
           $036B = rom_bank_push
  SECTION: $03A1-$03FD ($005D bytes)
           $03A1 = wait_ly
           $03C5 = vram_copy
           $03A8 = wait_frames
           $03E2 = vram_copy_tiles
           $03D4 = vram_memset
           $03AF = screen_off
           $03BE = wait_screen_blank
  SECTION: $03FE-$0459 ($005C bytes)
           $03FE = sprite_get_base_pointer
           $0452 = __refresh_OAM_end
           $044A = __refresh_OAM
           $0415 = sprite_set_params
           $0457 = refresh_custom_OAM
           $041D = spr_set_palette
           $040E = sprite_set_tile
           $043D = init_OAM
           $0407 = sprite_set_xy
           $0452 = refresh_OAM
  SECTION: $045A-$0491 ($0038 bytes)
           $047A = bg_set_tile_wrap
           $045A = bg_set_palette
           $0484 = bg_set_tile
    SLACK: $3BAE bytes

ROM Bank #1:
  SECTION: $4000-$400F ($0010 bytes)
  SECTION: $7E00-$7E0F ($0010 bytes)
  SECTION: $7EA0-$7EAF ($0010 bytes)
  SECTION: $7FE0-$7FEF ($0010 bytes)
    SLACK: $3FC0 bytes

WRAM Bank #0:
  SECTION: $C0A0-$C0AC ($000D bytes)
           $C0A2 = _is_vbl_flag
           $C0A5 = LCD_handler
           $C0A7 = TIM_handler
           $C0A9 = SIO_handler
           $C0AB = JOY_handler
           $C0A3 = VBL_handler
           $C0A0 = Init_Reg_A
           $C0A1 = Init_Reg_B
  SECTION: $CE00-$CFFF ($0200 bytes)
           $D000 = StackTop
  SECTION: $C0AD-$C0CD ($0021 bytes)
           $C0CD = rom_position
           $C0AD = rom_stack
  SECTION: $C000-$C09F ($00A0 bytes)
           $C000 = OAM_Copy
    SLACK: $0D32 bytes

WRAM Bank #1:
  EMPTY

WRAM Bank #2:
  EMPTY

WRAM Bank #3:
  EMPTY

WRAM Bank #4:
  EMPTY

WRAM Bank #5:
  EMPTY

WRAM Bank #6:
  EMPTY

WRAM Bank #7:
  EMPTY

VRAM Bank #0:
  EMPTY

VRAM Bank #1:
  EMPTY

HRAM:
  SECTION: $FF88-$FF8A ($0003 bytes)
           $FF89 = joy_held
           $FF88 = _joy_old
           $FF8A = joy_pressed
  SECTION: $FF80-$FF87 ($0008 bytes)
           $FF80 = refresh_OAM_HRAM
    SLACK: $0074 bytes

SRAM Bank #0:
  EMPTY

SRAM Bank #1:
  EMPTY

SRAM Bank #2:
  EMPTY

SRAM Bank #3:
  EMPTY

