ROM Bank #0 (HOME):
  SECTION: $0000-$0000 ($0001 bytes)
  SECTION: $0008-$0008 ($0001 bytes)
  SECTION: $0010-$0010 ($0001 bytes)
  SECTION: $0018-$0018 ($0001 bytes)
  SECTION: $0020-$0020 ($0001 bytes)
  SECTION: $0028-$0028 ($0001 bytes)
  SECTION: $0030-$0030 ($0001 bytes)
  SECTION: $0038-$003A ($0003 bytes)
  SECTION: $0040-$0077 ($0038 bytes)
           $006B = irq_Common.goto_irq_handler
           $006C = wait_vbl
  SECTION: $0100-$014F ($0050 bytes)
  SECTION: $0150-$0196 ($0047 bytes)
           $0150 = Reset
           $016E = irq_set_JOY
           $0175 = CPU_fast
           $015F = irq_set_LCD
           $017C = CPU_slow
           $015A = irq_set_VBL
           $0164 = irq_set_TIM
           $0169 = irq_set_SIO
  SECTION: $0197-$1225 ($108F bytes)
           $0197 = Main
  SECTION: $0078-$0095 ($001E bytes)
           $008A = memcopy_inc
           $0081 = memcopy
           $0078 = memset
           $0080 = memset_rand
  SECTION: $0096-$00DB ($0046 bytes)
           $00A8 = div_u8u8u8
           $0096 = mul_u8u8u16
           $00BB = div_s8s8s8
  SECTION: $1226-$125B ($0036 bytes)
           $1226 = scan_keys
  SECTION: $125C-$12AE ($0053 bytes)
           $127E = rom_bank_set
           $128E = rom_bank_push_set
           $12AE = ___long_call._jump_to_function
           $1266 = rom_bank_pop
           $125C = rom_handler_init
           $12A2 = ___long_call
           $1279 = rom_bank_push
  SECTION: $12AF-$130B ($005D bytes)
           $12AF = wait_ly
           $12D3 = vram_copy
           $12B6 = wait_frames
           $12F0 = vram_copy_tiles
           $12E2 = vram_memset
           $12BD = screen_off
           $12CC = wait_screen_blank
  SECTION: $130C-$1367 ($005C bytes)
           $130C = sprite_get_base_pointer
           $1360 = __refresh_OAM_end
           $1358 = __refresh_OAM
           $1323 = sprite_set_params
           $1365 = refresh_custom_OAM
           $132B = spr_set_palette
           $131C = sprite_set_tile
           $134B = init_OAM
           $1315 = sprite_set_xy
           $1360 = refresh_OAM
  SECTION: $1368-$139F ($0038 bytes)
           $1388 = bg_set_tile_wrap
           $1368 = bg_set_palette
           $1392 = bg_set_tile
    SLACK: $2CBA bytes

WRAM Bank #0:
  SECTION: $C0A0-$C0AC ($000D bytes)
           $C0A2 = _is_vbl_flag
           $C0A5 = LCD_handler
           $C0A3 = VBL_handler
           $C0A1 = Init_Reg_B
           $C0A0 = Init_Reg_A
           $C0A7 = TIM_handler
           $C0A9 = SIO_handler
           $C0AB = JOY_handler
  SECTION: $CE00-$CFFF ($0200 bytes)
  SECTION: $C0AD-$C0CD ($0021 bytes)
           $C0CD = rom_position
           $C0AD = rom_stack
  SECTION: $C000-$C09F ($00A0 bytes)
           $C000 = OAM_Copy
    SLACK: $0D32 bytes

WRAM Bank #1:
  EMPTY

WRAM Bank #2:
  EMPTY

WRAM Bank #3:
  EMPTY

WRAM Bank #4:
  EMPTY

WRAM Bank #5:
  EMPTY

WRAM Bank #6:
  EMPTY

WRAM Bank #7:
  EMPTY

VRAM Bank #0:
  EMPTY

VRAM Bank #1:
  EMPTY

HRAM:
  SECTION: $FF88-$FF8A ($0003 bytes)
           $FF89 = joy_held
           $FF88 = _joy_old
           $FF8A = joy_pressed
  SECTION: $FF80-$FF87 ($0008 bytes)
           $FF80 = refresh_OAM_HRAM
    SLACK: $0074 bytes

SRAM Bank #0:
  EMPTY

SRAM Bank #1:
  EMPTY

SRAM Bank #2:
  EMPTY

SRAM Bank #3:
  EMPTY

