ROM Bank #0 (HOME):
  SECTION: $0000-$0000 ($0001 bytes)
  SECTION: $0008-$0008 ($0001 bytes)
  SECTION: $0010-$0010 ($0001 bytes)
  SECTION: $0018-$0018 ($0001 bytes)
  SECTION: $0020-$0020 ($0001 bytes)
  SECTION: $0028-$0028 ($0001 bytes)
  SECTION: $0030-$0030 ($0001 bytes)
  SECTION: $0038-$003A ($0003 bytes)
  SECTION: $0040-$0083 ($0044 bytes)
           $0077 = irq_Common.goto_irq_handler
           $0078 = wait_vbl
  SECTION: $0100-$014F ($0050 bytes)
  SECTION: $0150-$01AA ($005B bytes)
           $0164 = Reset
           $0150 = StartPoint
           $0182 = irq_set_JOY
           $0189 = CPU_fast
           $0173 = irq_set_LCD
           $0190 = CPU_slow
           $016E = irq_set_VBL
           $0178 = irq_set_TIM
           $017D = irq_set_SIO
  SECTION: $01AB-$13DB ($1231 bytes)
           $01AB = Main
  SECTION: $0084-$00A1 ($001E bytes)
           $0096 = memcopy_inc
           $008D = memcopy
           $0084 = memset
           $008C = memset_rand
  SECTION: $00A2-$00E7 ($0046 bytes)
           $00B4 = div_u8u8u8
           $00A2 = mul_u8u8u16
           $00C7 = div_s8s8s8
  SECTION: $13DC-$1411 ($0036 bytes)
           $13DC = scan_keys
  SECTION: $1412-$1464 ($0053 bytes)
           $1434 = rom_bank_set
           $1444 = rom_bank_push_set
           $1464 = ___long_call._jump_to_function
           $141C = rom_bank_pop
           $1412 = rom_handler_init
           $1458 = ___long_call
           $142F = rom_bank_push
  SECTION: $1465-$14C1 ($005D bytes)
           $1465 = wait_ly
           $1489 = vram_copy
           $146C = wait_frames
           $14A6 = vram_copy_tiles
           $1498 = vram_memset
           $1473 = screen_off
           $1482 = wait_screen_blank
  SECTION: $14C2-$151D ($005C bytes)
           $14C2 = sprite_get_base_pointer
           $1516 = __refresh_OAM_end
           $150E = __refresh_OAM
           $14D9 = sprite_set_params
           $151B = refresh_custom_OAM
           $14E1 = spr_set_palette
           $14D2 = sprite_set_tile
           $1501 = init_OAM
           $14CB = sprite_set_xy
           $1516 = refresh_OAM
  SECTION: $151E-$1555 ($0038 bytes)
           $153E = bg_set_tile_wrap
           $151E = bg_set_palette
           $1548 = bg_set_tile
    SLACK: $2AF8 bytes

WRAM Bank #0:
  SECTION: $C0A0-$C0AC ($000D bytes)
           $C0A2 = _is_vbl_flag
           $C0A5 = LCD_handler
           $C0A9 = SIO_handler
           $C0AB = JOY_handler
           $C0A3 = VBL_handler
           $C0A1 = Init_Reg_B
           $C0A0 = Init_Reg_A
           $C0A7 = TIM_handler
  SECTION: $CE00-$CFFF ($0200 bytes)
  SECTION: $C0AD-$C0CD ($0021 bytes)
           $C0CD = rom_position
           $C0AD = rom_stack
  SECTION: $C000-$C09F ($00A0 bytes)
           $C000 = OAM_Copy
    SLACK: $0D32 bytes

WRAM Bank #1:
  EMPTY

WRAM Bank #2:
  EMPTY

WRAM Bank #3:
  EMPTY

WRAM Bank #4:
  EMPTY

WRAM Bank #5:
  EMPTY

WRAM Bank #6:
  EMPTY

WRAM Bank #7:
  EMPTY

VRAM Bank #0:
  EMPTY

VRAM Bank #1:
  EMPTY

HRAM:
  SECTION: $FF88-$FF8A ($0003 bytes)
           $FF89 = joy_held
           $FF88 = _joy_old
           $FF8A = joy_pressed
  SECTION: $FF80-$FF87 ($0008 bytes)
           $FF80 = refresh_OAM_HRAM
    SLACK: $0074 bytes

SRAM Bank #0:
  EMPTY

SRAM Bank #1:
  EMPTY

SRAM Bank #2:
  EMPTY

SRAM Bank #3:
  EMPTY

