ROM Bank #0 (HOME):
  SECTION: $0000-$0047 ($0048 bytes)
           $0022 = wait_ly
           $0029 = screen_off
           $0037 = memset
           $003F = memcopy
           $0000 = CPU_fast
           $0007 = CPU_slow
  SECTION: $0100-$02A8 ($01A9 bytes)
  SECTION: $02A9-$050A ($0262 bytes)
           $02BE = DMA0_END
           $02A9 = DMA0_START
           $02D4 = DMA1_END
           $02BE = DMA1_START
           $02EB = DMA2_END
           $02D4 = DMA2_START
           $0303 = DMA3_END
           $02EB = DMA3_START
           $031C = DMA4_END
           $0303 = DMA4_START
           $0336 = DMA5_END
           $031C = DMA5_START
           $0351 = DMA6_END
           $0336 = DMA6_START
           $036D = DMA7_END
           $0351 = DMA7_START
           $038A = DMA8_END
           $036D = DMA8_START
           $03A8 = DMA9_END
           $038A = DMA9_START
           $03C7 = DMA10_END
           $03A8 = DMA10_START
           $03E7 = DMA11_END
           $03C7 = DMA11_START
           $0408 = DMA12_END
           $03E7 = DMA12_START
           $042A = DMA13_END
           $0408 = DMA13_START
           $044D = DMA14_END
           $042A = DMA14_START
           $0471 = DMA15_END
           $044D = DMA15_START
           $0496 = DMA16_END
           $0471 = DMA16_START
           $04BC = DMA17_END
           $0496 = DMA17_START
           $04E3 = DMA18_END
           $04BC = DMA18_START
           $050B = DMA19_END
           $04E3 = DMA19_START
    SLACK: $3BAD bytes

WRAM Bank #0:
  SECTION: $C100-$C0FF ($0000 bytes)
           $C100 = MAGIC_VALUE
  EMPTY

WRAM Bank #1:
  EMPTY

WRAM Bank #2:
  EMPTY

WRAM Bank #3:
  EMPTY

WRAM Bank #4:
  EMPTY

WRAM Bank #5:
  EMPTY

WRAM Bank #6:
  EMPTY

WRAM Bank #7:
  EMPTY

VRAM Bank #0:
  EMPTY

VRAM Bank #1:
  EMPTY

HRAM:
  EMPTY

SRAM Bank #0:
  EMPTY

SRAM Bank #1:
  EMPTY

SRAM Bank #2:
  EMPTY

SRAM Bank #3:
  EMPTY

