ROM Bank #0 (HOME):
  SECTION: $0000-$0000 ($0001 bytes)
  SECTION: $0008-$0008 ($0001 bytes)
  SECTION: $0010-$0010 ($0001 bytes)
  SECTION: $0018-$0018 ($0001 bytes)
  SECTION: $0020-$0020 ($0001 bytes)
  SECTION: $0028-$0028 ($0001 bytes)
  SECTION: $0030-$0030 ($0001 bytes)
  SECTION: $0038-$003A ($0003 bytes)
  SECTION: $0040-$0083 ($0044 bytes)
           $0077 = irq_Common.goto_irq_handler
           $0078 = wait_vbl
  SECTION: $0100-$014F ($0050 bytes)
  SECTION: $0150-$01DE ($008F bytes)
           $0198 = Reset
           $0150 = StartPoint
           $01B6 = irq_set_JOY
           $01BD = CPU_fast
           $01A7 = irq_set_LCD
           $01C4 = CPU_slow
           $01A2 = irq_set_VBL
           $01AC = irq_set_TIM
           $01B1 = irq_set_SIO
  SECTION: $01DF-$025B ($007D bytes)
           $01F1 = Main.repeat_all
           $01DF = Main
  SECTION: $0084-$00A1 ($001E bytes)
           $0096 = memcopy_inc
           $008D = memcopy
           $0084 = memset
           $008C = memset_rand
  SECTION: $00A2-$00E7 ($0046 bytes)
           $00B4 = div_u8u8u8
           $00A2 = mul_u8u8u16
           $00C7 = div_s8s8s8
  SECTION: $025C-$0291 ($0036 bytes)
           $025C = scan_keys
  SECTION: $0292-$02E4 ($0053 bytes)
           $02B4 = rom_bank_set
           $02C4 = rom_bank_push_set
           $02E4 = ___long_call._jump_to_function
           $029C = rom_bank_pop
           $0292 = rom_handler_init
           $02D8 = ___long_call
           $02AF = rom_bank_push
  SECTION: $02E5-$0341 ($005D bytes)
           $02E5 = wait_ly
           $0309 = vram_copy
           $02EC = wait_frames
           $0326 = vram_copy_tiles
           $0318 = vram_memset
           $02F3 = screen_off
           $0302 = wait_screen_blank
  SECTION: $0342-$039D ($005C bytes)
           $0342 = sprite_get_base_pointer
           $0396 = __refresh_OAM_end
           $038E = __refresh_OAM
           $0359 = sprite_set_params
           $039B = refresh_custom_OAM
           $0361 = spr_set_palette
           $0352 = sprite_set_tile
           $0381 = init_OAM
           $034B = sprite_set_xy
           $0396 = refresh_OAM
  SECTION: $039E-$03D5 ($0038 bytes)
           $03BE = bg_set_tile_wrap
           $039E = bg_set_palette
           $03C8 = bg_set_tile
    SLACK: $3C78 bytes

WRAM Bank #0:
  SECTION: $C0A0-$C0AC ($000D bytes)
           $C0A2 = _is_vbl_flag
           $C0A5 = LCD_handler
           $C0AB = JOY_handler
           $C0A3 = VBL_handler
           $C0A0 = Init_Reg_A
           $C0A1 = Init_Reg_B
           $C0A7 = TIM_handler
           $C0A9 = SIO_handler
  SECTION: $CE00-$CFFF ($0200 bytes)
           $D000 = StackTop
  SECTION: $C0AD-$C0AD ($0001 bytes)
           $C0AD = repeat_loop
  SECTION: $C0AE-$C0CE ($0021 bytes)
           $C0CE = rom_position
           $C0AE = rom_stack
  SECTION: $C000-$C09F ($00A0 bytes)
           $C000 = OAM_Copy
    SLACK: $0D31 bytes

WRAM Bank #1:
  EMPTY

WRAM Bank #2:
  EMPTY

WRAM Bank #3:
  EMPTY

WRAM Bank #4:
  EMPTY

WRAM Bank #5:
  EMPTY

WRAM Bank #6:
  EMPTY

WRAM Bank #7:
  EMPTY

VRAM Bank #0:
  EMPTY

VRAM Bank #1:
  EMPTY

HRAM:
  SECTION: $FF88-$FF8A ($0003 bytes)
           $FF89 = joy_held
           $FF88 = _joy_old
           $FF8A = joy_pressed
  SECTION: $FF80-$FF87 ($0008 bytes)
           $FF80 = refresh_OAM_HRAM
    SLACK: $0074 bytes

SRAM Bank #0:
  EMPTY

SRAM Bank #1:
  EMPTY

SRAM Bank #2:
  EMPTY

SRAM Bank #3:
  EMPTY

