ROM Bank #0 (HOME):
  SECTION: $0000-$0066 ($0067 bytes)
           $0022 = wait_ly
           $0037 = memset
           $003F = memcopy
           $0048 = memcopy_128_oam
           $0054 = wait_vbl
           $0000 = CPU_fast
           $0029 = screen_off
           $0007 = CPU_slow
  SECTION: $0100-$032B ($022C bytes)
  SECTION: $032C-$04ED ($01C2 bytes)
           $0339 = DMA0_END
           $032C = DMA0_START
           $0347 = DMA1_END
           $0339 = DMA1_START
           $0356 = DMA2_END
           $0347 = DMA2_START
           $0366 = DMA3_END
           $0356 = DMA3_START
           $0377 = DMA4_END
           $0366 = DMA4_START
           $0389 = DMA5_END
           $0377 = DMA5_START
           $039C = DMA6_END
           $0389 = DMA6_START
           $03B0 = DMA7_END
           $039C = DMA7_START
           $03C5 = DMA8_END
           $03B0 = DMA8_START
           $03DB = DMA9_END
           $03C5 = DMA9_START
           $03F2 = DMA10_END
           $03DB = DMA10_START
           $040A = DMA11_END
           $03F2 = DMA11_START
           $0423 = DMA12_END
           $040A = DMA12_START
           $043D = DMA13_END
           $0423 = DMA13_START
           $0458 = DMA14_END
           $043D = DMA14_START
           $0474 = DMA15_END
           $0458 = DMA15_START
           $0491 = DMA16_END
           $0474 = DMA16_START
           $04AF = DMA17_END
           $0491 = DMA17_START
           $04CE = DMA18_END
           $04AF = DMA18_START
           $04EE = DMA19_END
           $04CE = DMA19_START
    SLACK: $3BAB bytes

WRAM Bank #0:
  SECTION: $C100-$C0FF ($0000 bytes)
           $C100 = MAGIC_VALUE
  EMPTY

WRAM Bank #1:
  EMPTY

WRAM Bank #2:
  EMPTY

WRAM Bank #3:
  EMPTY

WRAM Bank #4:
  EMPTY

WRAM Bank #5:
  EMPTY

WRAM Bank #6:
  EMPTY

WRAM Bank #7:
  EMPTY

VRAM Bank #0:
  EMPTY

VRAM Bank #1:
  EMPTY

HRAM:
  EMPTY

SRAM Bank #0:
  EMPTY

SRAM Bank #1:
  EMPTY

SRAM Bank #2:
  EMPTY

SRAM Bank #3:
  EMPTY

