ROM Bank #0 (HOME):
  SECTION: $0000-$0000 ($0001 bytes)
  SECTION: $0008-$0008 ($0001 bytes)
  SECTION: $0010-$0010 ($0001 bytes)
  SECTION: $0018-$0018 ($0001 bytes)
  SECTION: $0020-$0020 ($0001 bytes)
  SECTION: $0028-$0028 ($0001 bytes)
  SECTION: $0030-$0030 ($0001 bytes)
  SECTION: $0038-$0038 ($0001 bytes)
  SECTION: $0040-$0080 ($0041 bytes)
           $0075 = wait_vbl
  SECTION: $0100-$014F ($0050 bytes)
  SECTION: $0150-$01DE ($008F bytes)
           $0150 = StartPoint
           $0198 = Reset
           $01B6 = irq_set_JOY
           $01BD = CPU_fast
           $01A7 = irq_set_LCD
           $01C4 = CPU_slow
           $01A2 = irq_set_VBL
           $01AC = irq_set_TIM
           $01B1 = irq_set_SIO
  SECTION: $01DF-$0C96 ($0AB8 bytes)
           $01DF = PrepareSprites
           $0205 = Main.next_spr_number
           $075F = Main.next_spr_number2
           $01F7 = Main
  SECTION: $0081-$009E ($001E bytes)
           $0093 = memcopy_inc
           $008A = memcopy
           $0081 = memset
           $0089 = memset_rand
  SECTION: $009F-$00E4 ($0046 bytes)
           $00B1 = div_u8u8u8
           $009F = mul_u8u8u16
           $00C4 = div_s8s8s8
  SECTION: $0C97-$0CCC ($0036 bytes)
           $0C97 = scan_keys
  SECTION: $0CCD-$0D1F ($0053 bytes)
           $0CEF = rom_bank_set
           $0CFF = rom_bank_push_set
           $0D1F = ___long_call._jump_to_function
           $0CD7 = rom_bank_pop
           $0CCD = rom_handler_init
           $0D13 = ___long_call
           $0CEA = rom_bank_push
  SECTION: $0D20-$0D7C ($005D bytes)
           $0D20 = wait_ly
           $0D44 = vram_copy
           $0D27 = wait_frames
           $0D61 = vram_copy_tiles
           $0D53 = vram_memset
           $0D2E = screen_off
           $0D3D = wait_screen_blank
  SECTION: $0D7D-$0DD8 ($005C bytes)
           $0D7D = sprite_get_base_pointer
           $0DD1 = __refresh_OAM_end
           $0DC9 = __refresh_OAM
           $0D94 = sprite_set_params
           $0DD6 = refresh_custom_OAM
           $0D9C = spr_set_palette
           $0D8D = sprite_set_tile
           $0DBC = init_OAM
           $0D86 = sprite_set_xy
           $0DD1 = refresh_OAM
  SECTION: $0DD9-$0E10 ($0038 bytes)
           $0DF9 = bg_set_tile_wrap
           $0DD9 = bg_set_palette
           $0E03 = bg_set_tile
    SLACK: $3242 bytes

ROM Bank #1:
  SECTION: $4000-$45FF ($0600 bytes)
           $4000 = LCD_INT_HANDLER_0
           $4004 = LCD_INT_HANDLER_1
           $4009 = LCD_INT_HANDLER_2
           $400F = LCD_INT_HANDLER_3
           $4016 = LCD_INT_HANDLER_4
           $401E = LCD_INT_HANDLER_5
           $4027 = LCD_INT_HANDLER_6
           $4031 = LCD_INT_HANDLER_7
           $403C = LCD_INT_HANDLER_8
           $4048 = LCD_INT_HANDLER_9
           $4055 = LCD_INT_HANDLER_10
           $4063 = LCD_INT_HANDLER_11
           $4072 = LCD_INT_HANDLER_12
           $4082 = LCD_INT_HANDLER_13
           $4093 = LCD_INT_HANDLER_14
           $40A5 = LCD_INT_HANDLER_15
           $40B8 = LCD_INT_HANDLER_16
           $40CC = LCD_INT_HANDLER_17
           $40E1 = LCD_INT_HANDLER_18
           $40F7 = LCD_INT_HANDLER_19
           $410E = LCD_INT_HANDLER_20
           $4126 = LCD_INT_HANDLER_21
           $413F = LCD_INT_HANDLER_22
           $4159 = LCD_INT_HANDLER_23
           $4174 = LCD_INT_HANDLER_24
           $4190 = LCD_INT_HANDLER_25
           $41AD = LCD_INT_HANDLER_26
           $41CB = LCD_INT_HANDLER_27
           $41EA = LCD_INT_HANDLER_28
           $420A = LCD_INT_HANDLER_29
           $422B = LCD_INT_HANDLER_30
           $424D = LCD_INT_HANDLER_31
           $4270 = LCD_INT_HANDLER_GBC_0
           $427D = LCD_INT_HANDLER_GBC_1
           $428B = LCD_INT_HANDLER_GBC_2
           $429A = LCD_INT_HANDLER_GBC_3
           $42AA = LCD_INT_HANDLER_GBC_4
           $42BB = LCD_INT_HANDLER_GBC_5
           $42CD = LCD_INT_HANDLER_GBC_6
           $42E0 = LCD_INT_HANDLER_GBC_7
           $42F4 = LCD_INT_HANDLER_GBC_8
           $4309 = LCD_INT_HANDLER_GBC_9
           $431F = LCD_INT_HANDLER_GBC_10
           $4336 = LCD_INT_HANDLER_GBC_11
           $434E = LCD_INT_HANDLER_GBC_12
           $4367 = LCD_INT_HANDLER_GBC_13
           $4381 = LCD_INT_HANDLER_GBC_14
           $439C = LCD_INT_HANDLER_GBC_15
           $43B8 = LCD_INT_HANDLER_GBC_16
           $43D5 = LCD_INT_HANDLER_GBC_17
           $43F3 = LCD_INT_HANDLER_GBC_18
           $4412 = LCD_INT_HANDLER_GBC_19
           $4432 = LCD_INT_HANDLER_GBC_20
           $4453 = LCD_INT_HANDLER_GBC_21
           $4475 = LCD_INT_HANDLER_GBC_22
           $4498 = LCD_INT_HANDLER_GBC_23
           $44BC = LCD_INT_HANDLER_GBC_24
           $44E1 = LCD_INT_HANDLER_GBC_25
           $4507 = LCD_INT_HANDLER_GBC_26
           $452E = LCD_INT_HANDLER_GBC_27
           $4556 = LCD_INT_HANDLER_GBC_28
           $457F = LCD_INT_HANDLER_GBC_29
           $45A9 = LCD_INT_HANDLER_GBC_30
           $45D4 = LCD_INT_HANDLER_GBC_31
    SLACK: $3A00 bytes

WRAM Bank #0:
  SECTION: $C0A0-$C0AC ($000D bytes)
           $C0A2 = _is_vbl_flag
           $C0A7 = TIM_handler
           $C0A9 = SIO_handler
           $C0AB = JOY_handler
           $C0A3 = VBL_handler
           $C0A0 = Init_Reg_A
           $C0A1 = Init_Reg_B
           $C0A5 = LCD_handler
  SECTION: $CE00-$CFFF ($0200 bytes)
           $D000 = StackTop
  SECTION: $C0AD-$C0CD ($0021 bytes)
           $C0CD = rom_position
           $C0AD = rom_stack
  SECTION: $C000-$C09F ($00A0 bytes)
           $C000 = OAM_Copy
    SLACK: $0D32 bytes

WRAM Bank #1:
  EMPTY

WRAM Bank #2:
  EMPTY

WRAM Bank #3:
  EMPTY

WRAM Bank #4:
  EMPTY

WRAM Bank #5:
  EMPTY

WRAM Bank #6:
  EMPTY

WRAM Bank #7:
  EMPTY

VRAM Bank #0:
  EMPTY

VRAM Bank #1:
  EMPTY

HRAM:
  SECTION: $FF88-$FF8A ($0003 bytes)
           $FF89 = joy_held
           $FF88 = _joy_old
           $FF8A = joy_pressed
  SECTION: $FF80-$FF87 ($0008 bytes)
           $FF80 = refresh_OAM_HRAM
    SLACK: $0074 bytes

SRAM Bank #0:
  EMPTY

SRAM Bank #1:
  EMPTY

SRAM Bank #2:
  EMPTY

SRAM Bank #3:
  EMPTY

