ROM Bank #0 (HOME):
  SECTION: $0000-$0000 ($0001 bytes)
  SECTION: $0008-$0008 ($0001 bytes)
  SECTION: $0010-$0010 ($0001 bytes)
  SECTION: $0018-$0018 ($0001 bytes)
  SECTION: $0020-$0020 ($0001 bytes)
  SECTION: $0028-$0028 ($0001 bytes)
  SECTION: $0030-$0030 ($0001 bytes)
  SECTION: $0038-$0038 ($0001 bytes)
  SECTION: $0040-$0080 ($0041 bytes)
           $0075 = wait_vbl
  SECTION: $0100-$014F ($0050 bytes)
  SECTION: $0150-$01DE ($008F bytes)
           $0150 = StartPoint
           $0198 = Reset
           $01B6 = irq_set_JOY
           $01BD = CPU_fast
           $01A7 = irq_set_LCD
           $01C4 = CPU_slow
           $01A2 = irq_set_VBL
           $01AC = irq_set_TIM
           $01B1 = irq_set_SIO
  SECTION: $01DF-$13F4 ($1216 bytes)
           $01DF = Main
  SECTION: $0081-$009E ($001E bytes)
           $0093 = memcopy_inc
           $008A = memcopy
           $0081 = memset
           $0089 = memset_rand
  SECTION: $009F-$00E4 ($0046 bytes)
           $00B1 = div_u8u8u8
           $009F = mul_u8u8u16
           $00C4 = div_s8s8s8
  SECTION: $13F5-$142A ($0036 bytes)
           $13F5 = scan_keys
  SECTION: $142B-$147D ($0053 bytes)
           $144D = rom_bank_set
           $145D = rom_bank_push_set
           $147D = ___long_call._jump_to_function
           $1435 = rom_bank_pop
           $142B = rom_handler_init
           $1471 = ___long_call
           $1448 = rom_bank_push
  SECTION: $147E-$14DA ($005D bytes)
           $147E = wait_ly
           $14A2 = vram_copy
           $1485 = wait_frames
           $14BF = vram_copy_tiles
           $14B1 = vram_memset
           $148C = screen_off
           $149B = wait_screen_blank
  SECTION: $14DB-$1536 ($005C bytes)
           $14DB = sprite_get_base_pointer
           $152F = __refresh_OAM_end
           $1527 = __refresh_OAM
           $14F2 = sprite_set_params
           $1534 = refresh_custom_OAM
           $14FA = spr_set_palette
           $14EB = sprite_set_tile
           $151A = init_OAM
           $14E4 = sprite_set_xy
           $152F = refresh_OAM
  SECTION: $1537-$156E ($0038 bytes)
           $1557 = bg_set_tile_wrap
           $1537 = bg_set_palette
           $1561 = bg_set_tile
    SLACK: $2AE4 bytes

ROM Bank #1:
  SECTION: $4000-$46EF ($06F0 bytes)
           $4000 = TIMER_INT_HANDLER_0
           $4028 = TIMER_INT_HANDLER_1
           $4051 = TIMER_INT_HANDLER_2
           $407B = TIMER_INT_HANDLER_3
           $40A6 = TIMER_INT_HANDLER_4
           $40D2 = TIMER_INT_HANDLER_5
           $40FF = TIMER_INT_HANDLER_6
           $412D = TIMER_INT_HANDLER_7
           $415C = TIMER_INT_HANDLER_8
           $418C = TIMER_INT_HANDLER_9
           $41BD = TIMER_INT_HANDLER_10
           $41EF = TIMER_INT_HANDLER_11
           $4222 = TIMER_INT_HANDLER_12
           $4256 = TIMER_INT_HANDLER_13
           $428B = TIMER_INT_HANDLER_14
           $42C1 = TIMER_INT_HANDLER_15
           $42F8 = TIMER_INT_HANDLER_16
           $4330 = TIMER_INT_HANDLER_17
           $4369 = TIMER_INT_HANDLER_18
           $43A3 = TIMER_INT_HANDLER_19
           $43DE = TIMER_INT_HANDLER_20
           $441A = TIMER_INT_HANDLER_21
           $4457 = TIMER_INT_HANDLER_22
           $4495 = TIMER_INT_HANDLER_23
           $44D4 = TIMER_INT_HANDLER_24
           $4514 = TIMER_INT_HANDLER_25
           $4555 = TIMER_INT_HANDLER_26
           $4597 = TIMER_INT_HANDLER_27
           $45DA = TIMER_INT_HANDLER_28
           $461E = TIMER_INT_HANDLER_29
           $4663 = TIMER_INT_HANDLER_30
           $46A9 = TIMER_INT_HANDLER_31
    SLACK: $3910 bytes

WRAM Bank #0:
  SECTION: $C0A0-$C0AC ($000D bytes)
           $C0A2 = _is_vbl_flag
           $C0AB = JOY_handler
           $C0A3 = VBL_handler
           $C0A0 = Init_Reg_A
           $C0A1 = Init_Reg_B
           $C0A5 = LCD_handler
           $C0A7 = TIM_handler
           $C0A9 = SIO_handler
  SECTION: $CE00-$CFFF ($0200 bytes)
           $D000 = StackTop
  SECTION: $C0AD-$C0AD ($0001 bytes)
           $C0AD = int_repetition
  SECTION: $C0AE-$C0CE ($0021 bytes)
           $C0CE = rom_position
           $C0AE = rom_stack
  SECTION: $C000-$C09F ($00A0 bytes)
           $C000 = OAM_Copy
    SLACK: $0D31 bytes

WRAM Bank #1:
  EMPTY

WRAM Bank #2:
  EMPTY

WRAM Bank #3:
  EMPTY

WRAM Bank #4:
  EMPTY

WRAM Bank #5:
  EMPTY

WRAM Bank #6:
  EMPTY

WRAM Bank #7:
  EMPTY

VRAM Bank #0:
  EMPTY

VRAM Bank #1:
  EMPTY

HRAM:
  SECTION: $FF88-$FF8A ($0003 bytes)
           $FF89 = joy_held
           $FF88 = _joy_old
           $FF8A = joy_pressed
  SECTION: $FF80-$FF87 ($0008 bytes)
           $FF80 = refresh_OAM_HRAM
    SLACK: $0074 bytes

SRAM Bank #0:
  EMPTY

SRAM Bank #1:
  EMPTY

SRAM Bank #2:
  EMPTY

SRAM Bank #3:
  EMPTY

