ROM Bank #0 (HOME):
  SECTION: $0000-$0000 ($0001 bytes)
  SECTION: $0008-$0008 ($0001 bytes)
  SECTION: $0010-$0010 ($0001 bytes)
  SECTION: $0018-$0018 ($0001 bytes)
  SECTION: $0020-$0020 ($0001 bytes)
  SECTION: $0028-$0028 ($0001 bytes)
  SECTION: $0030-$0030 ($0001 bytes)
  SECTION: $0038-$0038 ($0001 bytes)
  SECTION: $0040-$0080 ($0041 bytes)
           $0075 = wait_vbl
  SECTION: $0100-$014F ($0050 bytes)
  SECTION: $0150-$01DE ($008F bytes)
           $0150 = StartPoint
           $0198 = Reset
           $01B6 = irq_set_JOY
           $01BD = CPU_fast
           $01A7 = irq_set_LCD
           $01C4 = CPU_slow
           $01A2 = irq_set_VBL
           $01AC = irq_set_TIM
           $01B1 = irq_set_SIO
  SECTION: $01DF-$3196 ($2FB8 bytes)
           $01DF = Main
  SECTION: $0081-$009E ($001E bytes)
           $0093 = memcopy_inc
           $008A = memcopy
           $0081 = memset
           $0089 = memset_rand
  SECTION: $009F-$00E4 ($0046 bytes)
           $00B1 = div_u8u8u8
           $009F = mul_u8u8u16
           $00C4 = div_s8s8s8
  SECTION: $3197-$31CC ($0036 bytes)
           $3197 = scan_keys
  SECTION: $31CD-$321F ($0053 bytes)
           $31EF = rom_bank_set
           $31FF = rom_bank_push_set
           $321F = ___long_call._jump_to_function
           $31D7 = rom_bank_pop
           $31CD = rom_handler_init
           $3213 = ___long_call
           $31EA = rom_bank_push
  SECTION: $3220-$327C ($005D bytes)
           $3220 = wait_ly
           $3244 = vram_copy
           $3227 = wait_frames
           $3261 = vram_copy_tiles
           $3253 = vram_memset
           $322E = screen_off
           $323D = wait_screen_blank
  SECTION: $327D-$32D8 ($005C bytes)
           $327D = sprite_get_base_pointer
           $32D1 = __refresh_OAM_end
           $32C9 = __refresh_OAM
           $3294 = sprite_set_params
           $32D6 = refresh_custom_OAM
           $329C = spr_set_palette
           $328D = sprite_set_tile
           $32BC = init_OAM
           $3286 = sprite_set_xy
           $32D1 = refresh_OAM
  SECTION: $32D9-$3310 ($0038 bytes)
           $32F9 = bg_set_tile_wrap
           $32D9 = bg_set_palette
           $3303 = bg_set_tile
    SLACK: $0D42 bytes

ROM Bank #1:
  SECTION: $4000-$5CB1 ($1CB2 bytes)
           $4000 = Main2
  SECTION: $5CB2-$7531 ($1880 bytes)
           $5CB2 = LCD_INT_HANDLER_STAT_0
           $5CBB = LCD_INT_HANDLER_STAT_1
           $5CC5 = LCD_INT_HANDLER_STAT_2
           $5CD0 = LCD_INT_HANDLER_STAT_3
           $5CDC = LCD_INT_HANDLER_STAT_4
           $5CE9 = LCD_INT_HANDLER_STAT_5
           $5CF7 = LCD_INT_HANDLER_STAT_6
           $5D06 = LCD_INT_HANDLER_STAT_7
           $5D16 = LCD_INT_HANDLER_STAT_8
           $5D27 = LCD_INT_HANDLER_STAT_9
           $5D39 = LCD_INT_HANDLER_STAT_10
           $5D4C = LCD_INT_HANDLER_STAT_11
           $5D60 = LCD_INT_HANDLER_STAT_12
           $5D75 = LCD_INT_HANDLER_STAT_13
           $5D8B = LCD_INT_HANDLER_STAT_14
           $5DA2 = LCD_INT_HANDLER_STAT_15
           $5DBA = LCD_INT_HANDLER_STAT_16
           $5DD3 = LCD_INT_HANDLER_STAT_17
           $5DED = LCD_INT_HANDLER_STAT_18
           $5E08 = LCD_INT_HANDLER_STAT_19
           $5E24 = LCD_INT_HANDLER_STAT_20
           $5E41 = LCD_INT_HANDLER_STAT_21
           $5E5F = LCD_INT_HANDLER_STAT_22
           $5E7E = LCD_INT_HANDLER_STAT_23
           $5E9E = LCD_INT_HANDLER_STAT_24
           $5EBF = LCD_INT_HANDLER_STAT_25
           $5EE1 = LCD_INT_HANDLER_STAT_26
           $5F04 = LCD_INT_HANDLER_STAT_27
           $5F28 = LCD_INT_HANDLER_STAT_28
           $5F4D = LCD_INT_HANDLER_STAT_29
           $5F73 = LCD_INT_HANDLER_STAT_30
           $5F9A = LCD_INT_HANDLER_STAT_31
           $5FC2 = LCD_INT_HANDLER_TIMA_0
           $5FCB = LCD_INT_HANDLER_TIMA_1
           $5FD5 = LCD_INT_HANDLER_TIMA_2
           $5FE0 = LCD_INT_HANDLER_TIMA_3
           $5FEC = LCD_INT_HANDLER_TIMA_4
           $5FF9 = LCD_INT_HANDLER_TIMA_5
           $6007 = LCD_INT_HANDLER_TIMA_6
           $6016 = LCD_INT_HANDLER_TIMA_7
           $6026 = LCD_INT_HANDLER_TIMA_8
           $6037 = LCD_INT_HANDLER_TIMA_9
           $6049 = LCD_INT_HANDLER_TIMA_10
           $605C = LCD_INT_HANDLER_TIMA_11
           $6070 = LCD_INT_HANDLER_TIMA_12
           $6085 = LCD_INT_HANDLER_TIMA_13
           $609B = LCD_INT_HANDLER_TIMA_14
           $60B2 = LCD_INT_HANDLER_TIMA_15
           $60CA = LCD_INT_HANDLER_TIMA_16
           $60E3 = LCD_INT_HANDLER_TIMA_17
           $60FD = LCD_INT_HANDLER_TIMA_18
           $6118 = LCD_INT_HANDLER_TIMA_19
           $6134 = LCD_INT_HANDLER_TIMA_20
           $6151 = LCD_INT_HANDLER_TIMA_21
           $616F = LCD_INT_HANDLER_TIMA_22
           $618E = LCD_INT_HANDLER_TIMA_23
           $61AE = LCD_INT_HANDLER_TIMA_24
           $61CF = LCD_INT_HANDLER_TIMA_25
           $61F1 = LCD_INT_HANDLER_TIMA_26
           $6214 = LCD_INT_HANDLER_TIMA_27
           $6238 = LCD_INT_HANDLER_TIMA_28
           $625D = LCD_INT_HANDLER_TIMA_29
           $6283 = LCD_INT_HANDLER_TIMA_30
           $62AA = LCD_INT_HANDLER_TIMA_31
           $62D2 = LCD_INT_HANDLER_IF_0
           $62DB = LCD_INT_HANDLER_IF_1
           $62E5 = LCD_INT_HANDLER_IF_2
           $62F0 = LCD_INT_HANDLER_IF_3
           $62FC = LCD_INT_HANDLER_IF_4
           $6309 = LCD_INT_HANDLER_IF_5
           $6317 = LCD_INT_HANDLER_IF_6
           $6326 = LCD_INT_HANDLER_IF_7
           $6336 = LCD_INT_HANDLER_IF_8
           $6347 = LCD_INT_HANDLER_IF_9
           $6359 = LCD_INT_HANDLER_IF_10
           $636C = LCD_INT_HANDLER_IF_11
           $6380 = LCD_INT_HANDLER_IF_12
           $6395 = LCD_INT_HANDLER_IF_13
           $63AB = LCD_INT_HANDLER_IF_14
           $63C2 = LCD_INT_HANDLER_IF_15
           $63DA = LCD_INT_HANDLER_IF_16
           $63F3 = LCD_INT_HANDLER_IF_17
           $640D = LCD_INT_HANDLER_IF_18
           $6428 = LCD_INT_HANDLER_IF_19
           $6444 = LCD_INT_HANDLER_IF_20
           $6461 = LCD_INT_HANDLER_IF_21
           $647F = LCD_INT_HANDLER_IF_22
           $649E = LCD_INT_HANDLER_IF_23
           $64BE = LCD_INT_HANDLER_IF_24
           $64DF = LCD_INT_HANDLER_IF_25
           $6501 = LCD_INT_HANDLER_IF_26
           $6524 = LCD_INT_HANDLER_IF_27
           $6548 = LCD_INT_HANDLER_IF_28
           $656D = LCD_INT_HANDLER_IF_29
           $6593 = LCD_INT_HANDLER_IF_30
           $65BA = LCD_INT_HANDLER_IF_31
           $65E2 = LCD_INT_HANDLER_LY_0
           $65EB = LCD_INT_HANDLER_LY_1
           $65F5 = LCD_INT_HANDLER_LY_2
           $6600 = LCD_INT_HANDLER_LY_3
           $660C = LCD_INT_HANDLER_LY_4
           $6619 = LCD_INT_HANDLER_LY_5
           $6627 = LCD_INT_HANDLER_LY_6
           $6636 = LCD_INT_HANDLER_LY_7
           $6646 = LCD_INT_HANDLER_LY_8
           $6657 = LCD_INT_HANDLER_LY_9
           $6669 = LCD_INT_HANDLER_LY_10
           $667C = LCD_INT_HANDLER_LY_11
           $6690 = LCD_INT_HANDLER_LY_12
           $66A5 = LCD_INT_HANDLER_LY_13
           $66BB = LCD_INT_HANDLER_LY_14
           $66D2 = LCD_INT_HANDLER_LY_15
           $66EA = LCD_INT_HANDLER_LY_16
           $6703 = LCD_INT_HANDLER_LY_17
           $671D = LCD_INT_HANDLER_LY_18
           $6738 = LCD_INT_HANDLER_LY_19
           $6754 = LCD_INT_HANDLER_LY_20
           $6771 = LCD_INT_HANDLER_LY_21
           $678F = LCD_INT_HANDLER_LY_22
           $67AE = LCD_INT_HANDLER_LY_23
           $67CE = LCD_INT_HANDLER_LY_24
           $67EF = LCD_INT_HANDLER_LY_25
           $6811 = LCD_INT_HANDLER_LY_26
           $6834 = LCD_INT_HANDLER_LY_27
           $6858 = LCD_INT_HANDLER_LY_28
           $687D = LCD_INT_HANDLER_LY_29
           $68A3 = LCD_INT_HANDLER_LY_30
           $68CA = LCD_INT_HANDLER_LY_31
           $68F2 = LCD_INT_HANDLER_STAT_GBC_0
           $68FB = LCD_INT_HANDLER_STAT_GBC_1
           $6905 = LCD_INT_HANDLER_STAT_GBC_2
           $6910 = LCD_INT_HANDLER_STAT_GBC_3
           $691C = LCD_INT_HANDLER_STAT_GBC_4
           $6929 = LCD_INT_HANDLER_STAT_GBC_5
           $6937 = LCD_INT_HANDLER_STAT_GBC_6
           $6946 = LCD_INT_HANDLER_STAT_GBC_7
           $6956 = LCD_INT_HANDLER_STAT_GBC_8
           $6967 = LCD_INT_HANDLER_STAT_GBC_9
           $6979 = LCD_INT_HANDLER_STAT_GBC_10
           $698C = LCD_INT_HANDLER_STAT_GBC_11
           $69A0 = LCD_INT_HANDLER_STAT_GBC_12
           $69B5 = LCD_INT_HANDLER_STAT_GBC_13
           $69CB = LCD_INT_HANDLER_STAT_GBC_14
           $69E2 = LCD_INT_HANDLER_STAT_GBC_15
           $69FA = LCD_INT_HANDLER_STAT_GBC_16
           $6A13 = LCD_INT_HANDLER_STAT_GBC_17
           $6A2D = LCD_INT_HANDLER_STAT_GBC_18
           $6A48 = LCD_INT_HANDLER_STAT_GBC_19
           $6A64 = LCD_INT_HANDLER_STAT_GBC_20
           $6A81 = LCD_INT_HANDLER_STAT_GBC_21
           $6A9F = LCD_INT_HANDLER_STAT_GBC_22
           $6ABE = LCD_INT_HANDLER_STAT_GBC_23
           $6ADE = LCD_INT_HANDLER_STAT_GBC_24
           $6AFF = LCD_INT_HANDLER_STAT_GBC_25
           $6B21 = LCD_INT_HANDLER_STAT_GBC_26
           $6B44 = LCD_INT_HANDLER_STAT_GBC_27
           $6B68 = LCD_INT_HANDLER_STAT_GBC_28
           $6B8D = LCD_INT_HANDLER_STAT_GBC_29
           $6BB3 = LCD_INT_HANDLER_STAT_GBC_30
           $6BDA = LCD_INT_HANDLER_STAT_GBC_31
           $6C02 = LCD_INT_HANDLER_TIMA_GBC_0
           $6C0B = LCD_INT_HANDLER_TIMA_GBC_1
           $6C15 = LCD_INT_HANDLER_TIMA_GBC_2
           $6C20 = LCD_INT_HANDLER_TIMA_GBC_3
           $6C2C = LCD_INT_HANDLER_TIMA_GBC_4
           $6C39 = LCD_INT_HANDLER_TIMA_GBC_5
           $6C47 = LCD_INT_HANDLER_TIMA_GBC_6
           $6C56 = LCD_INT_HANDLER_TIMA_GBC_7
           $6C66 = LCD_INT_HANDLER_TIMA_GBC_8
           $6C77 = LCD_INT_HANDLER_TIMA_GBC_9
           $6C89 = LCD_INT_HANDLER_TIMA_GBC_10
           $6C9C = LCD_INT_HANDLER_TIMA_GBC_11
           $6CB0 = LCD_INT_HANDLER_TIMA_GBC_12
           $6CC5 = LCD_INT_HANDLER_TIMA_GBC_13
           $6CDB = LCD_INT_HANDLER_TIMA_GBC_14
           $6CF2 = LCD_INT_HANDLER_TIMA_GBC_15
           $6D0A = LCD_INT_HANDLER_TIMA_GBC_16
           $6D23 = LCD_INT_HANDLER_TIMA_GBC_17
           $6D3D = LCD_INT_HANDLER_TIMA_GBC_18
           $6D58 = LCD_INT_HANDLER_TIMA_GBC_19
           $6D74 = LCD_INT_HANDLER_TIMA_GBC_20
           $6D91 = LCD_INT_HANDLER_TIMA_GBC_21
           $6DAF = LCD_INT_HANDLER_TIMA_GBC_22
           $6DCE = LCD_INT_HANDLER_TIMA_GBC_23
           $6DEE = LCD_INT_HANDLER_TIMA_GBC_24
           $6E0F = LCD_INT_HANDLER_TIMA_GBC_25
           $6E31 = LCD_INT_HANDLER_TIMA_GBC_26
           $6E54 = LCD_INT_HANDLER_TIMA_GBC_27
           $6E78 = LCD_INT_HANDLER_TIMA_GBC_28
           $6E9D = LCD_INT_HANDLER_TIMA_GBC_29
           $6EC3 = LCD_INT_HANDLER_TIMA_GBC_30
           $6EEA = LCD_INT_HANDLER_TIMA_GBC_31
           $6F12 = LCD_INT_HANDLER_IF_GBC_0
           $6F1B = LCD_INT_HANDLER_IF_GBC_1
           $6F25 = LCD_INT_HANDLER_IF_GBC_2
           $6F30 = LCD_INT_HANDLER_IF_GBC_3
           $6F3C = LCD_INT_HANDLER_IF_GBC_4
           $6F49 = LCD_INT_HANDLER_IF_GBC_5
           $6F57 = LCD_INT_HANDLER_IF_GBC_6
           $6F66 = LCD_INT_HANDLER_IF_GBC_7
           $6F76 = LCD_INT_HANDLER_IF_GBC_8
           $6F87 = LCD_INT_HANDLER_IF_GBC_9
           $6F99 = LCD_INT_HANDLER_IF_GBC_10
           $6FAC = LCD_INT_HANDLER_IF_GBC_11
           $6FC0 = LCD_INT_HANDLER_IF_GBC_12
           $6FD5 = LCD_INT_HANDLER_IF_GBC_13
           $6FEB = LCD_INT_HANDLER_IF_GBC_14
           $7002 = LCD_INT_HANDLER_IF_GBC_15
           $701A = LCD_INT_HANDLER_IF_GBC_16
           $7033 = LCD_INT_HANDLER_IF_GBC_17
           $704D = LCD_INT_HANDLER_IF_GBC_18
           $7068 = LCD_INT_HANDLER_IF_GBC_19
           $7084 = LCD_INT_HANDLER_IF_GBC_20
           $70A1 = LCD_INT_HANDLER_IF_GBC_21
           $70BF = LCD_INT_HANDLER_IF_GBC_22
           $70DE = LCD_INT_HANDLER_IF_GBC_23
           $70FE = LCD_INT_HANDLER_IF_GBC_24
           $711F = LCD_INT_HANDLER_IF_GBC_25
           $7141 = LCD_INT_HANDLER_IF_GBC_26
           $7164 = LCD_INT_HANDLER_IF_GBC_27
           $7188 = LCD_INT_HANDLER_IF_GBC_28
           $71AD = LCD_INT_HANDLER_IF_GBC_29
           $71D3 = LCD_INT_HANDLER_IF_GBC_30
           $71FA = LCD_INT_HANDLER_IF_GBC_31
           $7222 = LCD_INT_HANDLER_LY_GBC_0
           $722B = LCD_INT_HANDLER_LY_GBC_1
           $7235 = LCD_INT_HANDLER_LY_GBC_2
           $7240 = LCD_INT_HANDLER_LY_GBC_3
           $724C = LCD_INT_HANDLER_LY_GBC_4
           $7259 = LCD_INT_HANDLER_LY_GBC_5
           $7267 = LCD_INT_HANDLER_LY_GBC_6
           $7276 = LCD_INT_HANDLER_LY_GBC_7
           $7286 = LCD_INT_HANDLER_LY_GBC_8
           $7297 = LCD_INT_HANDLER_LY_GBC_9
           $72A9 = LCD_INT_HANDLER_LY_GBC_10
           $72BC = LCD_INT_HANDLER_LY_GBC_11
           $72D0 = LCD_INT_HANDLER_LY_GBC_12
           $72E5 = LCD_INT_HANDLER_LY_GBC_13
           $72FB = LCD_INT_HANDLER_LY_GBC_14
           $7312 = LCD_INT_HANDLER_LY_GBC_15
           $732A = LCD_INT_HANDLER_LY_GBC_16
           $7343 = LCD_INT_HANDLER_LY_GBC_17
           $735D = LCD_INT_HANDLER_LY_GBC_18
           $7378 = LCD_INT_HANDLER_LY_GBC_19
           $7394 = LCD_INT_HANDLER_LY_GBC_20
           $73B1 = LCD_INT_HANDLER_LY_GBC_21
           $73CF = LCD_INT_HANDLER_LY_GBC_22
           $73EE = LCD_INT_HANDLER_LY_GBC_23
           $740E = LCD_INT_HANDLER_LY_GBC_24
           $742F = LCD_INT_HANDLER_LY_GBC_25
           $7451 = LCD_INT_HANDLER_LY_GBC_26
           $7474 = LCD_INT_HANDLER_LY_GBC_27
           $7498 = LCD_INT_HANDLER_LY_GBC_28
           $74BD = LCD_INT_HANDLER_LY_GBC_29
           $74E3 = LCD_INT_HANDLER_LY_GBC_30
           $750A = LCD_INT_HANDLER_LY_GBC_31
    SLACK: $0ACE bytes

WRAM Bank #0:
  SECTION: $C0A0-$C0AC ($000D bytes)
           $C0A2 = _is_vbl_flag
           $C0A7 = TIM_handler
           $C0A9 = SIO_handler
           $C0AB = JOY_handler
           $C0A3 = VBL_handler
           $C0A0 = Init_Reg_A
           $C0A1 = Init_Reg_B
           $C0A5 = LCD_handler
  SECTION: $CE00-$CFFF ($0200 bytes)
           $D000 = StackTop
  SECTION: $C0AD-$C0CD ($0021 bytes)
           $C0CD = rom_position
           $C0AD = rom_stack
  SECTION: $C000-$C09F ($00A0 bytes)
           $C000 = OAM_Copy
    SLACK: $0D32 bytes

WRAM Bank #1:
  EMPTY

WRAM Bank #2:
  EMPTY

WRAM Bank #3:
  EMPTY

WRAM Bank #4:
  EMPTY

WRAM Bank #5:
  EMPTY

WRAM Bank #6:
  EMPTY

WRAM Bank #7:
  EMPTY

VRAM Bank #0:
  EMPTY

VRAM Bank #1:
  EMPTY

HRAM:
  SECTION: $FF88-$FF8A ($0003 bytes)
           $FF89 = joy_held
           $FF88 = _joy_old
           $FF8A = joy_pressed
  SECTION: $FF80-$FF87 ($0008 bytes)
           $FF80 = refresh_OAM_HRAM
    SLACK: $0074 bytes

SRAM Bank #0:
  EMPTY

SRAM Bank #1:
  EMPTY

SRAM Bank #2:
  EMPTY

SRAM Bank #3:
  EMPTY

