ROM Bank #0 (HOME):
  SECTION: $0000-$0000 ($0001 bytes)
  SECTION: $0008-$0008 ($0001 bytes)
  SECTION: $0010-$0010 ($0001 bytes)
  SECTION: $0018-$0018 ($0001 bytes)
  SECTION: $0020-$0020 ($0001 bytes)
  SECTION: $0028-$0028 ($0001 bytes)
  SECTION: $0030-$0030 ($0001 bytes)
  SECTION: $0038-$003A ($0003 bytes)
  SECTION: $0040-$008E ($004F bytes)
           $0082 = irq_Common.goto_irq_handler
           $0083 = wait_vbl
  SECTION: $0100-$014F ($0050 bytes)
  SECTION: $0150-$01DE ($008F bytes)
           $0198 = Reset
           $0150 = StartPoint
           $01B6 = irq_set_JOY
           $01BD = CPU_fast
           $01A7 = irq_set_LCD
           $01C4 = CPU_slow
           $01A2 = irq_set_VBL
           $01AC = irq_set_TIM
           $01B1 = irq_set_SIO
  SECTION: $01DF-$0603 ($0425 bytes)
           $01DF = Main
  SECTION: $008F-$00AC ($001E bytes)
           $00A1 = memcopy_inc
           $0098 = memcopy
           $008F = memset
           $0097 = memset_rand
  SECTION: $00AD-$00F2 ($0046 bytes)
           $00BF = div_u8u8u8
           $00AD = mul_u8u8u16
           $00D2 = div_s8s8s8
  SECTION: $0604-$0639 ($0036 bytes)
           $0604 = scan_keys
  SECTION: $063A-$068C ($0053 bytes)
           $065C = rom_bank_set
           $066C = rom_bank_push_set
           $068C = ___long_call._jump_to_function
           $0644 = rom_bank_pop
           $063A = rom_handler_init
           $0680 = ___long_call
           $0657 = rom_bank_push
  SECTION: $068D-$06E9 ($005D bytes)
           $068D = wait_ly
           $06B1 = vram_copy
           $0694 = wait_frames
           $06CE = vram_copy_tiles
           $06C0 = vram_memset
           $069B = screen_off
           $06AA = wait_screen_blank
  SECTION: $06EA-$0745 ($005C bytes)
           $06EA = sprite_get_base_pointer
           $073E = __refresh_OAM_end
           $0736 = __refresh_OAM
           $0701 = sprite_set_params
           $0743 = refresh_custom_OAM
           $0709 = spr_set_palette
           $06FA = sprite_set_tile
           $0729 = init_OAM
           $06F3 = sprite_set_xy
           $073E = refresh_OAM
  SECTION: $0746-$077D ($0038 bytes)
           $0766 = bg_set_tile_wrap
           $0746 = bg_set_palette
           $0770 = bg_set_tile
    SLACK: $38C5 bytes

WRAM Bank #0:
  SECTION: $C0A0-$C0AC ($000D bytes)
           $C0A2 = _is_vbl_flag
           $C0A5 = LCD_handler
           $C0A7 = TIM_handler
           $C0A9 = SIO_handler
           $C0A3 = VBL_handler
           $C0A0 = Init_Reg_A
           $C0A1 = Init_Reg_B
           $C0AB = JOY_handler
  SECTION: $CE00-$CFFF ($0200 bytes)
           $D000 = StackTop
  SECTION: $C0AD-$C0CD ($0021 bytes)
           $C0CD = rom_position
           $C0AD = rom_stack
  SECTION: $C000-$C09F ($00A0 bytes)
           $C000 = OAM_Copy
    SLACK: $0D32 bytes

WRAM Bank #1:
  EMPTY

WRAM Bank #2:
  EMPTY

WRAM Bank #3:
  EMPTY

WRAM Bank #4:
  EMPTY

WRAM Bank #5:
  EMPTY

WRAM Bank #6:
  EMPTY

WRAM Bank #7:
  EMPTY

VRAM Bank #0:
  EMPTY

VRAM Bank #1:
  EMPTY

HRAM:
  SECTION: $FF88-$FF8A ($0003 bytes)
           $FF89 = joy_held
           $FF88 = _joy_old
           $FF8A = joy_pressed
  SECTION: $FF80-$FF87 ($0008 bytes)
           $FF80 = refresh_OAM_HRAM
    SLACK: $0074 bytes

SRAM Bank #0:
  EMPTY

SRAM Bank #1:
  EMPTY

SRAM Bank #2:
  EMPTY

SRAM Bank #3:
  EMPTY

