ROM Bank #0 (HOME):
  SECTION: $0000-$0000 ($0001 bytes)
  SECTION: $0008-$0008 ($0001 bytes)
  SECTION: $0010-$0010 ($0001 bytes)
  SECTION: $0018-$0018 ($0001 bytes)
  SECTION: $0020-$0020 ($0001 bytes)
  SECTION: $0028-$0028 ($0001 bytes)
  SECTION: $0030-$0030 ($0001 bytes)
  SECTION: $0038-$0038 ($0001 bytes)
  SECTION: $0040-$0080 ($0041 bytes)
           $0075 = wait_vbl
  SECTION: $0100-$014F ($0050 bytes)
  SECTION: $0150-$01DE ($008F bytes)
           $0150 = StartPoint
           $0198 = Reset
           $01B6 = irq_set_JOY
           $01BD = CPU_fast
           $01A7 = irq_set_LCD
           $01C4 = CPU_slow
           $01A2 = irq_set_VBL
           $01AC = irq_set_TIM
           $01B1 = irq_set_SIO
  SECTION: $01DF-$0BD1 ($09F3 bytes)
           $0205 = Main.repeat_all
           $01DF = Main
  SECTION: $0081-$009E ($001E bytes)
           $0093 = memcopy_inc
           $008A = memcopy
           $0081 = memset
           $0089 = memset_rand
  SECTION: $009F-$00E4 ($0046 bytes)
           $00B1 = div_u8u8u8
           $009F = mul_u8u8u16
           $00C4 = div_s8s8s8
  SECTION: $0BD2-$0C07 ($0036 bytes)
           $0BD2 = scan_keys
  SECTION: $0C08-$0C5A ($0053 bytes)
           $0C2A = rom_bank_set
           $0C3A = rom_bank_push_set
           $0C5A = ___long_call._jump_to_function
           $0C12 = rom_bank_pop
           $0C08 = rom_handler_init
           $0C4E = ___long_call
           $0C25 = rom_bank_push
  SECTION: $0C5B-$0CB7 ($005D bytes)
           $0C5B = wait_ly
           $0C7F = vram_copy
           $0C62 = wait_frames
           $0C9C = vram_copy_tiles
           $0C8E = vram_memset
           $0C69 = screen_off
           $0C78 = wait_screen_blank
  SECTION: $0CB8-$0D13 ($005C bytes)
           $0CB8 = sprite_get_base_pointer
           $0D0C = __refresh_OAM_end
           $0D04 = __refresh_OAM
           $0CCF = sprite_set_params
           $0D11 = refresh_custom_OAM
           $0CD7 = spr_set_palette
           $0CC8 = sprite_set_tile
           $0CF7 = init_OAM
           $0CC1 = sprite_set_xy
           $0D0C = refresh_OAM
  SECTION: $0D14-$0D4B ($0038 bytes)
           $0D34 = bg_set_tile_wrap
           $0D14 = bg_set_palette
           $0D3E = bg_set_tile
    SLACK: $3307 bytes

ROM Bank #1:
  SECTION: $4000-$491F ($0920 bytes)
           $4000 = LCD_INT_HANDLER_0
           $4005 = LCD_INT_HANDLER_1
           $400B = LCD_INT_HANDLER_2
           $4012 = LCD_INT_HANDLER_3
           $401A = LCD_INT_HANDLER_4
           $4023 = LCD_INT_HANDLER_5
           $402D = LCD_INT_HANDLER_6
           $4038 = LCD_INT_HANDLER_7
           $4044 = LCD_INT_HANDLER_8
           $4051 = LCD_INT_HANDLER_9
           $405F = LCD_INT_HANDLER_10
           $406E = LCD_INT_HANDLER_11
           $407E = LCD_INT_HANDLER_12
           $408F = LCD_INT_HANDLER_13
           $40A1 = LCD_INT_HANDLER_14
           $40B4 = LCD_INT_HANDLER_15
           $40C8 = LCD_INT_HANDLER_16
           $40DD = LCD_INT_HANDLER_17
           $40F3 = LCD_INT_HANDLER_18
           $410A = LCD_INT_HANDLER_19
           $4122 = LCD_INT_HANDLER_20
           $413B = LCD_INT_HANDLER_21
           $4155 = LCD_INT_HANDLER_22
           $4170 = LCD_INT_HANDLER_23
           $418C = LCD_INT_HANDLER_24
           $41A9 = LCD_INT_HANDLER_25
           $41C7 = LCD_INT_HANDLER_26
           $41E6 = LCD_INT_HANDLER_27
           $4206 = LCD_INT_HANDLER_28
           $4227 = LCD_INT_HANDLER_29
           $4249 = LCD_INT_HANDLER_30
           $426C = LCD_INT_HANDLER_31
           $4290 = LCD_INT_HANDLER_32
           $42B5 = LCD_INT_HANDLER_33
           $42DB = LCD_INT_HANDLER_34
           $4302 = LCD_INT_HANDLER_35
           $432A = LCD_INT_HANDLER_36
           $4353 = LCD_INT_HANDLER_37
           $437D = LCD_INT_HANDLER_38
           $43A8 = LCD_INT_HANDLER_39
           $43D4 = LCD_INT_HANDLER_40
           $4401 = LCD_INT_HANDLER_41
           $442F = LCD_INT_HANDLER_42
           $445E = LCD_INT_HANDLER_43
           $448E = LCD_INT_HANDLER_44
           $44BF = LCD_INT_HANDLER_45
           $44F1 = LCD_INT_HANDLER_46
           $4524 = LCD_INT_HANDLER_47
           $4558 = LCD_INT_HANDLER_48
           $458D = LCD_INT_HANDLER_49
           $45C3 = LCD_INT_HANDLER_50
           $45FA = LCD_INT_HANDLER_51
           $4632 = LCD_INT_HANDLER_52
           $466B = LCD_INT_HANDLER_53
           $46A5 = LCD_INT_HANDLER_54
           $46E0 = LCD_INT_HANDLER_55
           $471C = LCD_INT_HANDLER_56
           $4759 = LCD_INT_HANDLER_57
           $4797 = LCD_INT_HANDLER_58
           $47D6 = LCD_INT_HANDLER_59
           $4816 = LCD_INT_HANDLER_60
           $4857 = LCD_INT_HANDLER_61
           $4899 = LCD_INT_HANDLER_62
           $48DC = LCD_INT_HANDLER_63
    SLACK: $36E0 bytes

WRAM Bank #0:
  SECTION: $C0A0-$C0AC ($000D bytes)
           $C0A2 = _is_vbl_flag
           $C0A7 = TIM_handler
           $C0A9 = SIO_handler
           $C0AB = JOY_handler
           $C0A3 = VBL_handler
           $C0A0 = Init_Reg_A
           $C0A1 = Init_Reg_B
           $C0A5 = LCD_handler
  SECTION: $CE00-$CFFF ($0200 bytes)
           $D000 = StackTop
  SECTION: $C0AD-$C0AD ($0001 bytes)
           $C0AD = repeat_loop
  SECTION: $C0AE-$C0CE ($0021 bytes)
           $C0CE = rom_position
           $C0AE = rom_stack
  SECTION: $C000-$C09F ($00A0 bytes)
           $C000 = OAM_Copy
    SLACK: $0D31 bytes

WRAM Bank #1:
  EMPTY

WRAM Bank #2:
  EMPTY

WRAM Bank #3:
  EMPTY

WRAM Bank #4:
  EMPTY

WRAM Bank #5:
  EMPTY

WRAM Bank #6:
  EMPTY

WRAM Bank #7:
  EMPTY

VRAM Bank #0:
  EMPTY

VRAM Bank #1:
  EMPTY

HRAM:
  SECTION: $FF88-$FF8A ($0003 bytes)
           $FF89 = joy_held
           $FF88 = _joy_old
           $FF8A = joy_pressed
  SECTION: $FF80-$FF87 ($0008 bytes)
           $FF80 = refresh_OAM_HRAM
    SLACK: $0074 bytes

SRAM Bank #0:
  EMPTY

SRAM Bank #1:
  EMPTY

SRAM Bank #2:
  EMPTY

SRAM Bank #3:
  EMPTY

